Archive member included because of file (symbol)

D:\JenkinsWS\workspace\ReleaseWin32FullBinaries\sdk\s3e\edk\lib\android\mips\libedk.a(edk_helpers.o)
                              release\s3eAmazonAds_platform.os (s3eEdkThreadRunOnOS)
C:\Marmalade\archives\android-ndk-r9d-windows-x86-zip\sources\cxx-stl\gnu-libstdc++\4.4.3\libs\mips\libgnustl_static.a(tree.o)
                              release\s3eAmazonAds_platform.os (std::_Rb_tree_increment(std::_Rb_tree_node_base*))
C:\Marmalade\archives\android-ndk-r9d-windows-x86-zip\sources\cxx-stl\gnu-libstdc++\4.4.3\libs\mips\libgnustl_static.a(string-inst.o)
                              release\s3eAmazonAds.os (std::string::_Rep::_S_empty_rep_storage)
C:\Marmalade\archives\android-ndk-r9d-windows-x86-zip\sources\cxx-stl\gnu-libstdc++\4.4.3\libs\mips\libgnustl_static.a(del_op.o)
                              release\s3eAmazonAds_platform.os (operator delete(void*))
C:\Marmalade\archives\android-ndk-r9d-windows-x86-zip\sources\cxx-stl\gnu-libstdc++\4.4.3\libs\mips\libgnustl_static.a(del_opv.o)
                              release\s3eAmazonAds_platform.os (operator delete[](void*))
C:\Marmalade\archives\android-ndk-r9d-windows-x86-zip\sources\cxx-stl\gnu-libstdc++\4.4.3\libs\mips\libgnustl_static.a(eh_personality.o)
                              C:\Marmalade\archives\android-ndk-r9d-windows-x86-zip\sources\cxx-stl\gnu-libstdc++\4.4.3\libs\mips\libgnustl_static.a(string-inst.o) (__gxx_personality_v0)
C:\Marmalade\archives\android-ndk-r9d-windows-x86-zip\sources\cxx-stl\gnu-libstdc++\4.4.3\libs\mips\libgnustl_static.a(eh_terminate.o)
                              C:\Marmalade\archives\android-ndk-r9d-windows-x86-zip\sources\cxx-stl\gnu-libstdc++\4.4.3\libs\mips\libgnustl_static.a(eh_personality.o) (__cxxabiv1::__terminate(void (*)()))
C:\Marmalade\archives\android-ndk-r9d-windows-x86-zip\sources\cxx-stl\gnu-libstdc++\4.4.3\libs\mips\libgnustl_static.a(eh_throw.o)
                              C:\Marmalade\archives\android-ndk-r9d-windows-x86-zip\sources\cxx-stl\gnu-libstdc++\4.4.3\libs\mips\libgnustl_static.a(eh_personality.o) (__cxa_rethrow)
C:\Marmalade\archives\android-ndk-r9d-windows-x86-zip\sources\cxx-stl\gnu-libstdc++\4.4.3\libs\mips\libgnustl_static.a(eh_unex_handler.o)
                              C:\Marmalade\archives\android-ndk-r9d-windows-x86-zip\sources\cxx-stl\gnu-libstdc++\4.4.3\libs\mips\libgnustl_static.a(eh_terminate.o) (__cxxabiv1::__unexpected_handler)
C:\Marmalade\archives\android-ndk-r9d-windows-x86-zip\sources\cxx-stl\gnu-libstdc++\4.4.3\libs\mips\libgnustl_static.a(new_op.o)
                              release\s3eAmazonAds_platform.os (operator new(unsigned int))
C:\Marmalade\archives\android-ndk-r9d-windows-x86-zip\sources\cxx-stl\gnu-libstdc++\4.4.3\libs\mips\libgnustl_static.a(new_opv.o)
                              release\s3eAmazonAds_platform.os (operator new[](unsigned int))
C:\Marmalade\archives\android-ndk-r9d-windows-x86-zip\sources\cxx-stl\gnu-libstdc++\4.4.3\libs\mips\libgnustl_static.a(functexcept.o)
                              C:\Marmalade\archives\android-ndk-r9d-windows-x86-zip\sources\cxx-stl\gnu-libstdc++\4.4.3\libs\mips\libgnustl_static.a(string-inst.o) (std::__throw_logic_error(char const*))
C:\Marmalade\archives\android-ndk-r9d-windows-x86-zip\sources\cxx-stl\gnu-libstdc++\4.4.3\libs\mips\libgnustl_static.a(ios_failure.o)
                              C:\Marmalade\archives\android-ndk-r9d-windows-x86-zip\sources\cxx-stl\gnu-libstdc++\4.4.3\libs\mips\libgnustl_static.a(functexcept.o) (std::ios_base::failure::~failure())
C:\Marmalade\archives\android-ndk-r9d-windows-x86-zip\sources\cxx-stl\gnu-libstdc++\4.4.3\libs\mips\libgnustl_static.a(stdexcept.o)
                              C:\Marmalade\archives\android-ndk-r9d-windows-x86-zip\sources\cxx-stl\gnu-libstdc++\4.4.3\libs\mips\libgnustl_static.a(functexcept.o) (std::logic_error::what() const)
C:\Marmalade\archives\android-ndk-r9d-windows-x86-zip\sources\cxx-stl\gnu-libstdc++\4.4.3\libs\mips\libgnustl_static.a(system_error.o)
                              C:\Marmalade\archives\android-ndk-r9d-windows-x86-zip\sources\cxx-stl\gnu-libstdc++\4.4.3\libs\mips\libgnustl_static.a(functexcept.o) (std::generic_category())
C:\Marmalade\archives\android-ndk-r9d-windows-x86-zip\sources\cxx-stl\gnu-libstdc++\4.4.3\libs\mips\libgnustl_static.a(bad_cast.o)
                              C:\Marmalade\archives\android-ndk-r9d-windows-x86-zip\sources\cxx-stl\gnu-libstdc++\4.4.3\libs\mips\libgnustl_static.a(functexcept.o) (std::bad_cast::~bad_cast())
C:\Marmalade\archives\android-ndk-r9d-windows-x86-zip\sources\cxx-stl\gnu-libstdc++\4.4.3\libs\mips\libgnustl_static.a(bad_typeid.o)
                              C:\Marmalade\archives\android-ndk-r9d-windows-x86-zip\sources\cxx-stl\gnu-libstdc++\4.4.3\libs\mips\libgnustl_static.a(functexcept.o) (std::bad_typeid::~bad_typeid())
[...]
Memory Configuration

Name             Origin             Length             Attributes
*default*        0x0000000000000000 0xffffffffffffffff

Linker script and memory map

LOAD c:/Marmalade/archives/android-ndk-r9d-windows-x86-zip/platforms/android-9/arch-mips/usr/lib/crtbegin_so.o
LOAD release\s3eAmazonAds_platform.os
LOAD release\s3eAmazonAds.os
LOAD release\s3eAmazonAds_register.os
LOAD D:\JenkinsWS\workspace\ReleaseWin32FullBinaries\sdk\s3e\edk\lib\android\mips\libedk.a
LOAD D:\JenkinsWS\workspace\ReleaseWin32FullBinaries\sdk\s3e\edk\lib\android\mips/libplaceholderplaceholderplaceholderplaceholderplaceholder.so
LOAD C:\Marmalade\archives\android-ndk-r9d-windows-x86-zip\platforms\android-9\arch-mips\usr\lib/liblog.so
LOAD C:\Marmalade\archives\android-ndk-r9d-windows-x86-zip\sources\cxx-stl\gnu-libstdc++\4.4.3\libs\mips\libgnustl_static.a
LOAD c:/Marmalade/archives/android-ndk-r9d-windows-x86-zip/toolchains/mipsel-linux-android-4.4.3/prebuilt/windows/bin/../lib/gcc/mipsel-linux-android/4.4.3\libgcc.a
LOAD C:\Marmalade\archives\android-ndk-r9d-windows-x86-zip\platforms\android-9\arch-mips\usr\lib/libstdc++.so
LOAD C:\Marmalade\archives\android-ndk-r9d-windows-x86-zip\platforms\android-9\arch-mips\usr\lib/libm.so
LOAD C:\Marmalade\archives\android-ndk-r9d-windows-x86-zip\platforms\android-9\arch-mips\usr\lib/libc.so
LOAD c:/Marmalade/archives/android-ndk-r9d-windows-x86-zip/toolchains/mipsel-linux-android-4.4.3/prebuilt/windows/bin/../lib/gcc/mipsel-linux-android/4.4.3\libgcc.a
LOAD C:\Marmalade\archives\android-ndk-r9d-windows-x86-zip\platforms\android-9\arch-mips\usr\lib/libc.so
LOAD C:\Marmalade\archives\android-ndk-r9d-windows-x86-zip\platforms\android-9\arch-mips\usr\lib/libdl.so
LOAD c:/Marmalade/archives/android-ndk-r9d-windows-x86-zip/toolchains/mipsel-linux-android-4.4.3/prebuilt/windows/bin/../lib/gcc/mipsel-linux-android/4.4.3\libgcc.a
LOAD c:/Marmalade/archives/android-ndk-r9d-windows-x86-zip/platforms/android-9/arch-mips/usr/lib/crtend_so.o
                0x0000000000000134                . = (0x0 + SIZEOF_HEADERS)

.reginfo        0x0000000000000134       0x18
 *(.reginfo)
 .reginfo       0x0000000000000134       0x18 c:/Marmalade/archives/android-ndk-r9d-windows-x86-zip/platforms/android-9/arch-mips/usr/lib/crtbegin_so.o

.note.gnu.build-id
 *(.note.gnu.build-id)

.hash           0x000000000000014c      0x4f8
 *(.hash)
 .hash          0x000000000000014c      0x4f8 c:/Marmalade/archives/android-ndk-r9d-windows-x86-zip/platforms/android-9/arch-mips/usr/lib/crtbegin_so.o

.gnu.hash
 *(.gnu.hash)

.dynsym         0x0000000000000644      0xb90
 *(.dynsym)
 .dynsym        0x0000000000000644      0xb90 c:/Marmalade/archives/android-ndk-r9d-windows-x86-zip/platforms/android-9/arch-mips/usr/lib/crtbegin_so.o

.dynstr         0x00000000000011d4     0x131e
 *(.dynstr)
 .dynstr        0x00000000000011d4     0x131e c:/Marmalade/archives/android-ndk-r9d-windows-x86-zip/platforms/android-9/arch-mips/usr/lib/crtbegin_so.o

.gnu.version    0x00000000000024f2        0x0
 *(.gnu.version)
 .gnu.version   0x0000000000000000        0x0 c:/Marmalade/archives/android-ndk-r9d-windows-x86-zip/platforms/android-9/arch-mips/usr/lib/crtbegin_so.o

.gnu.version_d  0x00000000000024f4        0x0 load address 0x00000000000024f2
 *(.gnu.version_d)
 .gnu.version_d
                0x0000000000000000        0x0 c:/Marmalade/archives/android-ndk-r9d-windows-x86-zip/platforms/android-9/arch-mips/usr/lib/crtbegin_so.o

.gnu.version_r  0x00000000000024f4        0x0 load address 0x00000000000024f2
 *(.gnu.version_r)
 .gnu.version_r
                0x0000000000000000        0x0 c:/Marmalade/archives/android-ndk-r9d-windows-x86-zip/platforms/android-9/arch-mips/usr/lib/crtbegin_so.o

.rel.dyn        0x00000000000024f4     0x16e8
 *(.rel.init)
 *(.rel.text .rel.text.* .rel.gnu.linkonce.t.*)
 *(.rel.fini)
 *(.rel.rodata .rel.rodata.* .rel.gnu.linkonce.r.*)
 *(.rel.data.rel.ro* .rel.gnu.linkonce.d.rel.ro.*)
 *(.rel.data .rel.data.* .rel.gnu.linkonce.d.*)
 *(.rel.tdata .rel.tdata.* .rel.gnu.linkonce.td.*)
 *(.rel.tbss .rel.tbss.* .rel.gnu.linkonce.tb.*)
 *(.rel.ctors)
 *(.rel.dtors)
 *(.rel.got)
 *(.rel.dyn)
 .rel.dyn       0x00000000000024f4     0x16e8 c:/Marmalade/archives/android-ndk-r9d-windows-x86-zip/platforms/android-9/arch-mips/usr/lib/crtbegin_so.o
 *(.rel.sdata .rel.sdata.* .rel.gnu.linkonce.s.*)
 *(.rel.sbss .rel.sbss.* .rel.gnu.linkonce.sb.*)
 *(.rel.sdata2 .rel.sdata2.* .rel.gnu.linkonce.s2.*)
 *(.rel.sbss2 .rel.sbss2.* .rel.gnu.linkonce.sb2.*)
 *(.rel.bss .rel.bss.* .rel.gnu.linkonce.b.*)
 *(.rel.iplt)

.rela.dyn
 *(.rela.init)
 *(.rela.text .rela.text.* .rela.gnu.linkonce.t.*)
 *(.rela.fini)
 *(.rela.rodata .rela.rodata.* .rela.gnu.linkonce.r.*)
 *(.rela.data .rela.data.* .rela.gnu.linkonce.d.*)
 *(.rela.tdata .rela.tdata.* .rela.gnu.linkonce.td.*)
 *(.rela.tbss .rela.tbss.* .rela.gnu.linkonce.tb.*)
 *(.rela.ctors)
 *(.rela.dtors)
 *(.rela.got)
 *(.rela.sdata .rela.sdata.* .rela.gnu.linkonce.s.*)
 *(.rela.sbss .rela.sbss.* .rela.gnu.linkonce.sb.*)
 *(.rela.sdata2 .rela.sdata2.* .rela.gnu.linkonce.s2.*)
 *(.rela.sbss2 .rela.sbss2.* .rela.gnu.linkonce.sb2.*)
 *(.rela.bss .rela.bss.* .rela.gnu.linkonce.b.*)
 *(.rela.iplt)

.rel.plt        0x0000000000003bdc        0x0
 *(.rel.plt)
 .rel.plt       0x0000000000000000        0x0 c:/Marmalade/archives/android-ndk-r9d-windows-x86-zip/platforms/android-9/arch-mips/usr/lib/crtbegin_so.o

.rela.plt
 *(.rela.plt)

.init
 *(.init)

.plt            0x0000000000003bdc        0x0
 *(.plt)
 .plt           0x0000000000000000        0x0 c:/Marmalade/archives/android-ndk-r9d-windows-x86-zip/platforms/android-9/arch-mips/usr/lib/crtbegin_so.o

.iplt
 *(.iplt)

.text           0x0000000000003be0    0x1c6a0
                0x0000000000003be0                _ftext = .
 *(.text.unlikely .text.*_unlikely)
 *(.text.exit .text.exit.*)
 .text.exit     0x0000000000003be0       0x18 c:/Marmalade/archives/android-ndk-r9d-windows-x86-zip/platforms/android-9/arch-mips/usr/lib/crtbegin_so.o
                0x0000000000003be0                __on_dlclose
 *(.text.startup .text.startup.*)
 *(.text.hot .text.hot.*)
 *(.text .stub .text.* .gnu.linkonce.t.*)
 *fill*         0x0000000000003bf8        0x8 00000000
 .text          0x0000000000003c00       0x20 c:/Marmalade/archives/android-ndk-r9d-windows-x86-zip/platforms/android-9/arch-mips/usr/lib/crtbegin_so.o
                0x0000000000003c00                atexit
 .text          0x0000000000003c20     0x2a80 release\s3eAmazonAds_platform.os
                0x0000000000003c20                s3eAmazonAdsCollapseAd_platform(int)
                0x0000000000003ccc                s3eAmazonAdsSetAdTargetingOptions_platform(int, s3eAmazonAdsTargetingOptions*)
                0x0000000000003f2c                s3eAmazonAds_AdErrorCallback(_JNIEnv*, _jobject*, int, int)
                0x0000000000003fc8                s3eAmazonAds_AdActionCallback(_JNIEnv*, _jobject*, int, int)
                0x0000000000004020                s3eAmazonAds_AdLoadedCallback(_JNIEnv*, _jobject*, int, _jobject*)
                0x0000000000004254                s3eAmazonAdsLoadInterstitialAd_platform(int)
                0x000000000000434c                s3eAmazonAdsPrepareAdLayout_platform(int, s3eAmazonAdsPosition, s3eAmazonAdsSize, int, int)
                0x000000000000447c                s3eAmazonAdsLoadAd_platform(int, unsigned char, int)
                0x00000000000046d8                s3eAmazonAdsShowAd_platform(int)
                0x0000000000004854                s3eAmazonAdsInit_platform()
                0x0000000000004c78                s3eAmazonAdsInit_platform(char const*, unsigned char, unsigned char)
                0x0000000000004da0                s3eAmazonAdsPrepareAd_platform(int*)
                0x0000000000004f20                s3eAmazonAdsInspectAd_platform(int, s3eAmazonAdsAdInfo*)
                0x00000000000050ac                s3eAmazonAdsGetAdTargetingOptions_platform(int)
                0x00000000000058bc                s3eAmazonAdsDestroyAd_platform(int)
                0x0000000000005e38                s3eAmazonAdsTerminate_platform()
 .text._ZN7_JNIEnv13CallIntMethodEP8_jobjectP10_jmethodIDz
                0x00000000000066a0       0x30 release\s3eAmazonAds_platform.os
                0x00000000000066a0                _JNIEnv::CallIntMethod(_jobject*, _jmethodID*, ...)
 .text._ZN7_JNIEnv16CallObjectMethodEP8_jobjectP10_jmethodIDz
                0x00000000000066d0       0x30 release\s3eAmazonAds_platform.os
                0x00000000000066d0                _JNIEnv::CallObjectMethod(_jobject*, _jmethodID*, ...)
 .text._ZN7_JNIEnv9NewObjectEP7_jclassP10_jmethodIDz
                0x0000000000006700       0x30 release\s3eAmazonAds_platform.os
                0x0000000000006700                _JNIEnv::NewObject(_jclass*, _jmethodID*, ...)
 .text._ZNSt8_Rb_treeIiSt4pairIKiP28s3eAmazonAdsTargetingOptionsESt10_Select1stIS4_ESt4lessIiESaIS4_EE10_M_insert_EPKSt18_Rb_tree_node_baseSD_RKS4_
                0x0000000000006730       0xe8 release\s3eAmazonAds_platform.os
                0x0000000000006730                std::_Rb_tree<int, std::pair<int const, s3eAmazonAdsTargetingOptions*>, std::_Select1st<std::pair<int const, s3eAmazonAdsTargetingOptions*> >, std::less<int>, std::allocator<std::pair<int const, s3eAmazonAdsTargetingOptions*> > >::_M_insert_(std::_Rb_tree_node_base const*, std::_Rb_tree_node_base const*, std::pair<int const, s3eAmazonAdsTargetingOptions*> const&)
 .text._ZNSt8_Rb_treeIiSt4pairIKiP28s3eAmazonAdsTargetingOptionsESt10_Select1stIS4_ESt4lessIiESaIS4_EE8_M_eraseEPSt13_Rb_tree_nodeIS4_E
                0x0000000000006818      0x200 release\s3eAmazonAds_platform.os
                0x0000000000006818                std::_Rb_tree<int, std::pair<int const, s3eAmazonAdsTargetingOptions*>, std::_Select1st<std::pair<int const, s3eAmazonAdsTargetingOptions*> >, std::less<int>, std::allocator<std::pair<int const, s3eAmazonAdsTargetingOptions*> > >::_M_erase(std::_Rb_tree_node<std::pair<int const, s3eAmazonAdsTargetingOptions*> >*)
 .text._ZNSt3mapIiP28s3eAmazonAdsTargetingOptionsSt4lessIiESaISt4pairIKiS1_EEED1Ev
                0x0000000000006a18      0x200 release\s3eAmazonAds_platform.os
                0x0000000000006a18                std::map<int, s3eAmazonAdsTargetingOptions*, std::less<int>, std::allocator<std::pair<int const, s3eAmazonAdsTargetingOptions*> > >::~map()
 .text._ZNSt8_Rb_treeIiSt4pairIKiP28s3eAmazonAdsTargetingOptionsESt10_Select1stIS4_ESt4lessIiESaIS4_EE16_M_insert_uniqueERKS4_
                0x0000000000006c18      0x1d0 release\s3eAmazonAds_platform.os
                0x0000000000006c18                std::_Rb_tree<int, std::pair<int const, s3eAmazonAdsTargetingOptions*>, std::_Select1st<std::pair<int const, s3eAmazonAdsTargetingOptions*> >, std::less<int>, std::allocator<std::pair<int const, s3eAmazonAdsTargetingOptions*> > >::_M_insert_unique(std::pair<int const, s3eAmazonAdsTargetingOptions*> const&)
 *fill*         0x0000000000006de8        0x8 00000000
 .text          0x0000000000006df0      0x270 release\s3eAmazonAds.os
                0x0000000000006df0                s3eAmazonAdsGetErrorString
                0x0000000000006e08                s3eAmazonAdsGetError
                0x0000000000006e50                s3eAmazonAdsInspectAd
                0x0000000000006e68                s3eAmazonAdsShowAd
                0x0000000000006e80                s3eAmazonAdsLoadInterstitialAd
                0x0000000000006e98                s3eAmazonAdsCollapseAd
                0x0000000000006eb0                s3eAmazonAdsDestroyAd
                0x0000000000006ec8                s3eAmazonAdsLoadAd
                0x0000000000006ee0                s3eAmazonAdsGetAdTargetingOptions
                0x0000000000006ef8                s3eAmazonAdsSetAdTargetingOptions
                0x0000000000006f10                s3eAmazonAdsPrepareAdLayout
                0x0000000000006f28                s3eAmazonAdsPrepareAd
                0x0000000000006f40                s3eAmazonAdsTerminate
                0x0000000000006f58                s3eAmazonAdsInit
                0x0000000000006f74                s3eAmazonAdsSetErrorString(s3eAmazonAdsError, char const*)
 .text          0x0000000000007060      0x3d0 release\s3eAmazonAds_register.os
                0x0000000000007060                s3eAmazonAdsRegisterExt()
                0x000000000000718c                RegisterExt
                0x0000000000007398                s3eAmazonAdsUnRegister
                0x00000000000073dc                s3eAmazonAdsRegister
 .text          0x0000000000007430       0xd0 D:\JenkinsWS\workspace\ReleaseWin32FullBinaries\sdk\s3e\edk\lib\android\mips\libedk.a(edk_helpers.o)
                0x0000000000007430                s3eEdkThreadRunOnOSAsync
                0x0000000000007470                s3eEdkThreadRunOnOS
                0x00000000000074b0                s3eEdkErrorSetString
 .text          0x0000000000007500        0x0 C:\Marmalade\archives\android-ndk-r9d-windows-x86-zip\sources\cxx-stl\gnu-libstdc++\4.4.3\libs\mips\libgnustl_static.a(tree.o)
 .text._ZSt18_Rb_tree_incrementPSt18_Rb_tree_node_base
                0x0000000000007500       0x68 C:\Marmalade\archives\android-ndk-r9d-windows-x86-zip\sources\cxx-stl\gnu-libstdc++\4.4.3\libs\mips\libgnustl_static.a(tree.o)
                0x0000000000007500                std::_Rb_tree_increment(std::_Rb_tree_node_base*)
 .text._ZSt18_Rb_tree_incrementPKSt18_Rb_tree_node_base
                0x0000000000007568       0x5c C:\Marmalade\archives\android-ndk-r9d-windows-x86-zip\sources\cxx-stl\gnu-libstdc++\4.4.3\libs\mips\libgnustl_static.a(tree.o)
                0x0000000000007568                std::_Rb_tree_increment(std::_Rb_tree_node_base const*)
 .text._ZSt18_Rb_tree_decrementPSt18_Rb_tree_node_base
                0x00000000000075c4       0x74 C:\Marmalade\archives\android-ndk-r9d-windows-x86-zip\sources\cxx-stl\gnu-libstdc++\4.4.3\libs\mips\libgnustl_static.a(tree.o)
                0x00000000000075c4                std::_Rb_tree_decrement(std::_Rb_tree_node_base*)
 .text._ZSt18_Rb_tree_decrementPKSt18_Rb_tree_node_base
                0x0000000000007638       0x74 C:\Marmalade\archives\android-ndk-r9d-windows-x86-zip\sources\cxx-stl\gnu-libstdc++\4.4.3\libs\mips\libgnustl_static.a(tree.o)
                0x0000000000007638                std::_Rb_tree_decrement(std::_Rb_tree_node_base const*)
 .text._ZSt20_Rb_tree_rotate_leftPSt18_Rb_tree_node_baseRS0_
                0x00000000000076ac       0x60 C:\Marmalade\archives\android-ndk-r9d-windows-x86-zip\sources\cxx-stl\gnu-libstdc++\4.4.3\libs\mips\libgnustl_static.a(tree.o)
                0x00000000000076ac                std::_Rb_tree_rotate_left(std::_Rb_tree_node_base*, std::_Rb_tree_node_base*&)
 .text._ZSt21_Rb_tree_rotate_rightPSt18_Rb_tree_node_baseRS0_
                0x000000000000770c       0x60 C:\Marmalade\archives\android-ndk-r9d-windows-x86-zip\sources\cxx-stl\gnu-libstdc++\4.4.3\libs\mips\libgnustl_static.a(tree.o)
                0x000000000000770c                std::_Rb_tree_rotate_right(std::_Rb_tree_node_base*, std::_Rb_tree_node_base*&)
 .text._ZSt29_Rb_tree_insert_and_rebalancebPSt18_Rb_tree_node_baseS0_RS_
                0x000000000000776c      0x2b0 C:\Marmalade\archives\android-ndk-r9d-windows-x86-zip\sources\cxx-stl\gnu-libstdc++\4.4.3\libs\mips\libgnustl_static.a(tree.o)
                0x000000000000776c                std::_Rb_tree_insert_and_rebalance(bool, std::_Rb_tree_node_base*, std::_Rb_tree_node_base*, std::_Rb_tree_node_base&)
 .text._ZSt28_Rb_tree_rebalance_for_erasePSt18_Rb_tree_node_baseRS_
                0x0000000000007a1c      0x50c C:\Marmalade\archives\android-ndk-r9d-windows-x86-zip\sources\cxx-stl\gnu-libstdc++\4.4.3\libs\mips\libgnustl_static.a(tree.o)
                0x0000000000007a1c                std::_Rb_tree_rebalance_for_erase(std::_Rb_tree_node_base*, std::_Rb_tree_node_base&)
 .text._ZSt20_Rb_tree_black_countPKSt18_Rb_tree_node_baseS1_
                0x0000000000007f28       0x38 C:\Marmalade\archives\android-ndk-r9d-windows-x86-zip\sources\cxx-stl\gnu-libstdc++\4.4.3\libs\mips\libgnustl_static.a(tree.o)
                0x0000000000007f28                std::_Rb_tree_black_count(std::_Rb_tree_node_base const*, std::_Rb_tree_node_base const*)
 .text          0x0000000000007f60        0x0 C:\Marmalade\archives\android-ndk-r9d-windows-x86-zip\sources\cxx-stl\gnu-libstdc++\4.4.3\libs\mips\libgnustl_static.a(string-inst.o)
 .text._ZNKSs7_M_dataEv
                0x0000000000007f60        0x8 C:\Marmalade\archives\android-ndk-r9d-windows-x86-zip\sources\cxx-stl\gnu-libstdc++\4.4.3\libs\mips\libgnustl_static.a(string-inst.o)
                0x0000000000007f60                std::string::_M_data() const
 .text._ZNSs7_M_dataEPc
                0x0000000000007f68        0xc C:\Marmalade\archives\android-ndk-r9d-windows-x86-zip\sources\cxx-stl\gnu-libstdc++\4.4.3\libs\mips\libgnustl_static.a(string-inst.o)
                0x0000000000007f68                std::string::_M_data(char*)
 .text._ZNKSs6_M_repEv
                0x0000000000007f74        0xc C:\Marmalade\archives\android-ndk-r9d-windows-x86-zip\sources\cxx-stl\gnu-libstdc++\4.4.3\libs\mips\libgnustl_static.a(string-inst.o)
                0x0000000000007f74                std::string::_M_rep() const
 .text._ZNKSs9_M_ibeginEv
                0x0000000000007f80       0x10 C:\Marmalade\archives\android-ndk-r9d-windows-x86-zip\sources\cxx-stl\gnu-libstdc++\4.4.3\libs\mips\libgnustl_static.a(string-inst.o)
                0x0000000000007f80                std::string::_M_ibegin() const
 .text._ZNKSs7_M_iendEv
                0x0000000000007f90       0x18 C:\Marmalade\archives\android-ndk-r9d-windows-x86-zip\sources\cxx-stl\gnu-libstdc++\4.4.3\libs\mips\libgnustl_static.a(string-inst.o)
                0x0000000000007f90                std::string::_M_iend() const
 .text._ZNKSs8_M_limitEjj
                0x0000000000007fa8       0x1c C:\Marmalade\archives\android-ndk-r9d-windows-x86-zip\sources\cxx-stl\gnu-libstdc++\4.4.3\libs\mips\libgnustl_static.a(string-inst.o)
                0x0000000000007fa8                std::string::_M_limit(unsigned int, unsigned int) const
 .text._ZNKSs11_M_disjunctEPKc
                0x0000000000007fc4       0x28 C:\Marmalade\archives\android-ndk-r9d-windows-x86-zip\sources\cxx-stl\gnu-libstdc++\4.4.3\libs\mips\libgnustl_static.a(string-inst.o)
                0x0000000000007fc4                std::string::_M_disjunct(char const*) const
 .text._ZNSs10_S_compareEjj
                0x0000000000007fec        0x8 C:\Marmalade\archives\android-ndk-r9d-windows-x86-zip\sources\cxx-stl\gnu-libstdc++\4.4.3\libs\mips\libgnustl_static.a(string-inst.o)
                0x0000000000007fec                std::string::_S_compare(unsigned int, unsigned int)
 .text._ZNSs12_S_empty_repEv
                0x0000000000007ff4       0x14 C:\Marmalade\archives\android-ndk-r9d-windows-x86-zip\sources\cxx-stl\gnu-libstdc++\4.4.3\libs\mips\libgnustl_static.a(string-inst.o)
                0x0000000000007ff4                std::string::_S_empty_rep()
 .text._ZNSsC2Ev
                0x0000000000008008       0x1c C:\Marmalade\archives\android-ndk-r9d-windows-x86-zip\sources\cxx-stl\gnu-libstdc++\4.4.3\libs\mips\libgnustl_static.a(string-inst.o)
                0x0000000000008008                std::basic_string<char, std::char_traits<char>, std::allocator<char> >::basic_string()
 .text._ZNSsC1Ev
                0x0000000000008024       0x1c C:\Marmalade\archives\android-ndk-r9d-windows-x86-zip\sources\cxx-stl\gnu-libstdc++\4.4.3\libs\mips\libgnustl_static.a(string-inst.o)
                0x0000000000008024                std::basic_string<char, std::char_traits<char>, std::allocator<char> >::basic_string()
 .text._ZNKSs5beginEv
                0x0000000000008040       0x10 C:\Marmalade\archives\android-ndk-r9d-windows-x86-zip\sources\cxx-stl\gnu-libstdc++\4.4.3\libs\mips\libgnustl_static.a(string-inst.o)
                0x0000000000008040                std::string::begin() const
 .text._ZNKSs3endEv
                0x0000000000008050       0x18 C:\Marmalade\archives\android-ndk-r9d-windows-x86-zip\sources\cxx-stl\gnu-libstdc++\4.4.3\libs\mips\libgnustl_static.a(string-inst.o)
                0x0000000000008050                std::string::end() const
 .text._ZNKSs6rbeginEv
                0x0000000000008068       0x18 C:\Marmalade\archives\android-ndk-r9d-windows-x86-zip\sources\cxx-stl\gnu-libstdc++\4.4.3\libs\mips\libgnustl_static.a(string-inst.o)
                0x0000000000008068                std::string::rbegin() const
 .text._ZNKSs4rendEv
                0x0000000000008080       0x10 C:\Marmalade\archives\android-ndk-r9d-windows-x86-zip\sources\cxx-stl\gnu-libstdc++\4.4.3\libs\mips\libgnustl_static.a(string-inst.o)
                0x0000000000008080                std::string::rend() const
 .text._ZNKSs4sizeEv
                0x0000000000008090        0xc C:\Marmalade\archives\android-ndk-r9d-windows-x86-zip\sources\cxx-stl\gnu-libstdc++\4.4.3\libs\mips\libgnustl_static.a(string-inst.o)
                0x0000000000008090                std::string::size() const
 .text._ZNKSs6lengthEv
                0x000000000000809c        0xc C:\Marmalade\archives\android-ndk-r9d-windows-x86-zip\sources\cxx-stl\gnu-libstdc++\4.4.3\libs\mips\libgnustl_static.a(string-inst.o)
                0x000000000000809c                std::string::length() const
 .text._ZNKSs8max_sizeEv
                0x00000000000080a8        0xc C:\Marmalade\archives\android-ndk-r9d-windows-x86-zip\sources\cxx-stl\gnu-libstdc++\4.4.3\libs\mips\libgnustl_static.a(string-inst.o)
                0x00000000000080a8                std::string::max_size() const
 .text._ZNKSs8capacityEv
                0x00000000000080b4        0xc C:\Marmalade\archives\android-ndk-r9d-windows-x86-zip\sources\cxx-stl\gnu-libstdc++\4.4.3\libs\mips\libgnustl_static.a(string-inst.o)
                0x00000000000080b4                std::string::capacity() const
 .text._ZNKSs5emptyEv
                0x00000000000080c0       0x10 C:\Marmalade\archives\android-ndk-r9d-windows-x86-zip\sources\cxx-stl\gnu-libstdc++\4.4.3\libs\mips\libgnustl_static.a(string-inst.o)
                0x00000000000080c0                std::string::empty() const
 .text._ZNKSsixEj
                0x00000000000080d0        0xc C:\Marmalade\archives\android-ndk-r9d-windows-x86-zip\sources\cxx-stl\gnu-libstdc++\4.4.3\libs\mips\libgnustl_static.a(string-inst.o)
                0x00000000000080d0                std::string::operator[](unsigned int) const
 .text._ZNSs4swapERSs
                0x00000000000080dc       0x40 C:\Marmalade\archives\android-ndk-r9d-windows-x86-zip\sources\cxx-stl\gnu-libstdc++\4.4.3\libs\mips\libgnustl_static.a(string-inst.o)
                0x00000000000080dc                std::string::swap(std::string&)
 .text._ZNKSs5c_strEv
                0x000000000000811c        0x8 C:\Marmalade\archives\android-ndk-r9d-windows-x86-zip\sources\cxx-stl\gnu-libstdc++\4.4.3\libs\mips\libgnustl_static.a(string-inst.o)
                0x000000000000811c                std::string::c_str() const
 .text._ZNKSs4dataEv
                0x0000000000008124        0x8 C:\Marmalade\archives\android-ndk-r9d-windows-x86-zip\sources\cxx-stl\gnu-libstdc++\4.4.3\libs\mips\libgnustl_static.a(string-inst.o)
                0x0000000000008124                std::string::data() const
 .text._ZNKSs13get_allocatorEv
                0x000000000000812c        0x8 C:\Marmalade\archives\android-ndk-r9d-windows-x86-zip\sources\cxx-stl\gnu-libstdc++\4.4.3\libs\mips\libgnustl_static.a(string-inst.o)
                0x000000000000812c                std::string::get_allocator() const
 .text._ZNKSs5rfindEcj
                0x0000000000008134       0x4c C:\Marmalade\archives\android-ndk-r9d-windows-x86-zip\sources\cxx-stl\gnu-libstdc++\4.4.3\libs\mips\libgnustl_static.a(string-inst.o)
                0x0000000000008134                std::string::rfind(char, unsigned int) const
 .text._ZNKSs12find_last_ofEcj
                0x0000000000008180       0x4c C:\Marmalade\archives\android-ndk-r9d-windows-x86-zip\sources\cxx-stl\gnu-libstdc++\4.4.3\libs\mips\libgnustl_static.a(string-inst.o)
                0x0000000000008180                std::string::find_last_of(char, unsigned int) const
 .text._ZNKSs17find_first_not_ofEcj
                0x00000000000081cc       0x5c C:\Marmalade\archives\android-ndk-r9d-windows-x86-zip\sources\cxx-stl\gnu-libstdc++\4.4.3\libs\mips\libgnustl_static.a(string-inst.o)
                0x00000000000081cc                std::string::find_first_not_of(char, unsigned int) const
 .text._ZNKSs16find_last_not_ofEcj
                0x0000000000008228       0x50 C:\Marmalade\archives\android-ndk-r9d-windows-x86-zip\sources\cxx-stl\gnu-libstdc++\4.4.3\libs\mips\libgnustl_static.a(string-inst.o)
                0x0000000000008228                std::string::find_last_not_of(char, unsigned int) const
 .text._ZNSs12_Alloc_hiderC2EPcRKSaIcE
                0x0000000000008278        0x8 C:\Marmalade\archives\android-ndk-r9d-windows-x86-zip\sources\cxx-stl\gnu-libstdc++\4.4.3\libs\mips\libgnustl_static.a(string-inst.o)
                0x0000000000008278                std::string::_Alloc_hider::_Alloc_hider(char*, std::allocator<char> const&)
 .text._ZNSs12_Alloc_hiderC1EPcRKSaIcE
                0x0000000000008280        0x8 C:\Marmalade\archives\android-ndk-r9d-windows-x86-zip\sources\cxx-stl\gnu-libstdc++\4.4.3\libs\mips\libgnustl_static.a(string-inst.o)
                0x0000000000008280                std::string::_Alloc_hider::_Alloc_hider(char*, std::allocator<char> const&)
 .text._ZNSs4_Rep12_S_empty_repEv
                0x0000000000008288       0x14 C:\Marmalade\archives\android-ndk-r9d-windows-x86-zip\sources\cxx-stl\gnu-libstdc++\4.4.3\libs\mips\libgnustl_static.a(string-inst.o)
                0x0000000000008288                std::string::_Rep::_S_empty_rep()
 .text._ZNKSs4_Rep12_M_is_leakedEv
                0x000000000000829c        0xc C:\Marmalade\archives\android-ndk-r9d-windows-x86-zip\sources\cxx-stl\gnu-libstdc++\4.4.3\libs\mips\libgnustl_static.a(string-inst.o)
                0x000000000000829c                std::string::_Rep::_M_is_leaked() const
 .text._ZNKSs4_Rep12_M_is_sharedEv
                0x00000000000082a8        0xc C:\Marmalade\archives\android-ndk-r9d-windows-x86-zip\sources\cxx-stl\gnu-libstdc++\4.4.3\libs\mips\libgnustl_static.a(string-inst.o)
                0x00000000000082a8                std::string::_Rep::_M_is_shared() const
 .text._ZNSs4_Rep13_M_set_leakedEv
                0x00000000000082b4        0xc C:\Marmalade\archives\android-ndk-r9d-windows-x86-zip\sources\cxx-stl\gnu-libstdc++\4.4.3\libs\mips\libgnustl_static.a(string-inst.o)
                0x00000000000082b4                std::string::_Rep::_M_set_leaked()
 .text._ZNSs4_Rep15_M_set_sharableEv
                0x00000000000082c0        0x8 C:\Marmalade\archives\android-ndk-r9d-windows-x86-zip\sources\cxx-stl\gnu-libstdc++\4.4.3\libs\mips\libgnustl_static.a(string-inst.o)
                0x00000000000082c0                std::string::_Rep::_M_set_sharable()
 .text._ZNSs4_Rep26_M_set_length_and_sharableEj
                0x00000000000082c8       0x14 C:\Marmalade\archives\android-ndk-r9d-windows-x86-zip\sources\cxx-stl\gnu-libstdc++\4.4.3\libs\mips\libgnustl_static.a(string-inst.o)
                0x00000000000082c8                std::string::_Rep::_M_set_length_and_sharable(unsigned int)
 .text._ZNSs4_Rep10_M_refdataEv
                0x00000000000082dc        0x8 C:\Marmalade\archives\android-ndk-r9d-windows-x86-zip\sources\cxx-stl\gnu-libstdc++\4.4.3\libs\mips\libgnustl_static.a(string-inst.o)
                0x00000000000082dc                std::string::_Rep::_M_refdata()
 .text._ZN9__gnu_cxxeqIPcSsEEbRKNS_17__normal_iteratorIT_T0_EES7_
                0x00000000000082e4       0x14 C:\Marmalade\archives\android-ndk-r9d-windows-x86-zip\sources\cxx-stl\gnu-libstdc++\4.4.3\libs\mips\libgnustl_static.a(string-inst.o)
                0x00000000000082e4                bool __gnu_cxx::operator==<char*, std::string>(__gnu_cxx::__normal_iterator<char*, std::string> const&, __gnu_cxx::__normal_iterator<char*, std::string> const&)
 .text._ZN9__gnu_cxxeqIPKcSsEEbRKNS_17__normal_iteratorIT_T0_EES8_
                0x00000000000082f8       0x14 C:\Marmalade\archives\android-ndk-r9d-windows-x86-zip\sources\cxx-stl\gnu-libstdc++\4.4.3\libs\mips\libgnustl_static.a(string-inst.o)
                0x00000000000082f8                bool __gnu_cxx::operator==<char const*, std::string>(__gnu_cxx::__normal_iterator<char const*, std::string> const&, __gnu_cxx::__normal_iterator<char const*, std::string> const&)
 .text._ZNSs4_Rep10_M_refcopyEv
                0x000000000000830c       0x44 C:\Marmalade\archives\android-ndk-r9d-windows-x86-zip\sources\cxx-stl\gnu-libstdc++\4.4.3\libs\mips\libgnustl_static.a(string-inst.o)
                0x000000000000830c                std::string::_Rep::_M_refcopy()
 .text._ZNSs4_Rep10_M_destroyERKSaIcE
                0x0000000000008350       0x18 C:\Marmalade\archives\android-ndk-r9d-windows-x86-zip\sources\cxx-stl\gnu-libstdc++\4.4.3\libs\mips\libgnustl_static.a(string-inst.o)
                0x0000000000008350                std::string::_Rep::_M_destroy(std::allocator<char> const&)
 .text._ZNSs4_Rep10_M_disposeERKSaIcE
                0x0000000000008368       0x50 C:\Marmalade\archives\android-ndk-r9d-windows-x86-zip\sources\cxx-stl\gnu-libstdc++\4.4.3\libs\mips\libgnustl_static.a(string-inst.o)
                0x0000000000008368                std::string::_Rep::_M_dispose(std::allocator<char> const&)
 .text._ZNKSs15_M_check_lengthEjjPKc
                0x00000000000083b8       0x50 C:\Marmalade\archives\android-ndk-r9d-windows-x86-zip\sources\cxx-stl\gnu-libstdc++\4.4.3\libs\mips\libgnustl_static.a(string-inst.o)
                0x00000000000083b8                std::string::_M_check_length(unsigned int, unsigned int, char const*) const
 .text._ZNSs4_Rep9_S_createEjjRKSaIcE
                0x0000000000008408       0xcc C:\Marmalade\archives\android-ndk-r9d-windows-x86-zip\sources\cxx-stl\gnu-libstdc++\4.4.3\libs\mips\libgnustl_static.a(string-inst.o)
                0x0000000000008408                std::string::_Rep::_S_create(unsigned int, unsigned int, std::allocator<char> const&)
 .text._ZNKSs7compareEPKc
                0x00000000000084d4       0x84 C:\Marmalade\archives\android-ndk-r9d-windows-x86-zip\sources\cxx-stl\gnu-libstdc++\4.4.3\libs\mips\libgnustl_static.a(string-inst.o)
                0x00000000000084d4                std::string::compare(char const*) const
 .text._ZNKSs7compareERKSs
                0x0000000000008558       0x64 C:\Marmalade\archives\android-ndk-r9d-windows-x86-zip\sources\cxx-stl\gnu-libstdc++\4.4.3\libs\mips\libgnustl_static.a(string-inst.o)
                0x0000000000008558                std::string::compare(std::string const&) const
 .text._ZNKSs5rfindEPKcjj
                0x00000000000085bc       0xa0 C:\Marmalade\archives\android-ndk-r9d-windows-x86-zip\sources\cxx-stl\gnu-libstdc++\4.4.3\libs\mips\libgnustl_static.a(string-inst.o)
                0x00000000000085bc                std::string::rfind(char const*, unsigned int, unsigned int) const
 .text._ZNKSs5rfindEPKcj
                0x000000000000865c       0xbc C:\Marmalade\archives\android-ndk-r9d-windows-x86-zip\sources\cxx-stl\gnu-libstdc++\4.4.3\libs\mips\libgnustl_static.a(string-inst.o)
                0x000000000000865c                std::string::rfind(char const*, unsigned int) const
 .text._ZNKSs5rfindERKSsj
                0x0000000000008718       0xa4 C:\Marmalade\archives\android-ndk-r9d-windows-x86-zip\sources\cxx-stl\gnu-libstdc++\4.4.3\libs\mips\libgnustl_static.a(string-inst.o)
                0x0000000000008718                std::string::rfind(std::string const&, unsigned int) const
 .text._ZNKSs4findEPKcjj
                0x00000000000087bc      0x108 C:\Marmalade\archives\android-ndk-r9d-windows-x86-zip\sources\cxx-stl\gnu-libstdc++\4.4.3\libs\mips\libgnustl_static.a(string-inst.o)
                0x00000000000087bc                std::string::find(char const*, unsigned int, unsigned int) const
 .text._ZNKSs4findEPKcj
                0x00000000000088c4      0x14c C:\Marmalade\archives\android-ndk-r9d-windows-x86-zip\sources\cxx-stl\gnu-libstdc++\4.4.3\libs\mips\libgnustl_static.a(string-inst.o)
                0x00000000000088c4                std::string::find(char const*, unsigned int) const
 .text._ZNKSs4findERKSsj
                0x0000000000008a10      0x138 C:\Marmalade\archives\android-ndk-r9d-windows-x86-zip\sources\cxx-stl\gnu-libstdc++\4.4.3\libs\mips\libgnustl_static.a(string-inst.o)
                0x0000000000008a10                std::string::find(std::string const&, unsigned int) const
 .text._ZNKSs16find_last_not_ofEPKcjj
                0x0000000000008b48       0xa0 C:\Marmalade\archives\android-ndk-r9d-windows-x86-zip\sources\cxx-stl\gnu-libstdc++\4.4.3\libs\mips\libgnustl_static.a(string-inst.o)
                0x0000000000008b48                std::string::find_last_not_of(char const*, unsigned int, unsigned int) const
 .text._ZNKSs16find_last_not_ofEPKcj
                0x0000000000008be8       0xb8 C:\Marmalade\archives\android-ndk-r9d-windows-x86-zip\sources\cxx-stl\gnu-libstdc++\4.4.3\libs\mips\libgnustl_static.a(string-inst.o)
                0x0000000000008be8                std::string::find_last_not_of(char const*, unsigned int) const
 .text._ZNKSs16find_last_not_ofERKSsj
                0x0000000000008ca0       0xa0 C:\Marmalade\archives\android-ndk-r9d-windows-x86-zip\sources\cxx-stl\gnu-libstdc++\4.4.3\libs\mips\libgnustl_static.a(string-inst.o)
                0x0000000000008ca0                std::string::find_last_not_of(std::string const&, unsigned int) const
 .text._ZNKSs17find_first_not_ofEPKcjj
                0x0000000000008d40       0xc8 C:\Marmalade\archives\android-ndk-r9d-windows-x86-zip\sources\cxx-stl\gnu-libstdc++\4.4.3\libs\mips\libgnustl_static.a(string-inst.o)
                0x0000000000008d40                std::string::find_first_not_of(char const*, unsigned int, unsigned int) const
 .text._ZNKSs17find_first_not_ofEPKcj
                0x0000000000008e08       0xdc C:\Marmalade\archives\android-ndk-r9d-windows-x86-zip\sources\cxx-stl\gnu-libstdc++\4.4.3\libs\mips\libgnustl_static.a(string-inst.o)
                0x0000000000008e08                std::string::find_first_not_of(char const*, unsigned int) const
 .text._ZNKSs17find_first_not_ofERKSsj
                0x0000000000008ee4       0xc8 C:\Marmalade\archives\android-ndk-r9d-windows-x86-zip\sources\cxx-stl\gnu-libstdc++\4.4.3\libs\mips\libgnustl_static.a(string-inst.o)
                0x0000000000008ee4                std::string::find_first_not_of(std::string const&, unsigned int) const
 .text._ZNKSs12find_last_ofEPKcjj
                0x0000000000008fac       0xa4 C:\Marmalade\archives\android-ndk-r9d-windows-x86-zip\sources\cxx-stl\gnu-libstdc++\4.4.3\libs\mips\libgnustl_static.a(string-inst.o)
                0x0000000000008fac                std::string::find_last_of(char const*, unsigned int, unsigned int) const
 .text._ZNKSs12find_last_ofEPKcj
                0x0000000000009050       0xbc C:\Marmalade\archives\android-ndk-r9d-windows-x86-zip\sources\cxx-stl\gnu-libstdc++\4.4.3\libs\mips\libgnustl_static.a(string-inst.o)
                0x0000000000009050                std::string::find_last_of(char const*, unsigned int) const
 .text._ZNKSs12find_last_ofERKSsj
                0x000000000000910c       0xa4 C:\Marmalade\archives\android-ndk-r9d-windows-x86-zip\sources\cxx-stl\gnu-libstdc++\4.4.3\libs\mips\libgnustl_static.a(string-inst.o)
                0x000000000000910c                std::string::find_last_of(std::string const&, unsigned int) const
 .text._ZNKSs13find_first_ofEPKcjj
                0x00000000000091b0       0xa4 C:\Marmalade\archives\android-ndk-r9d-windows-x86-zip\sources\cxx-stl\gnu-libstdc++\4.4.3\libs\mips\libgnustl_static.a(string-inst.o)
                0x00000000000091b0                std::string::find_first_of(char const*, unsigned int, unsigned int) const
 .text._ZNKSs13find_first_ofEPKcj
                0x0000000000009254       0xb8 C:\Marmalade\archives\android-ndk-r9d-windows-x86-zip\sources\cxx-stl\gnu-libstdc++\4.4.3\libs\mips\libgnustl_static.a(string-inst.o)
                0x0000000000009254                std::string::find_first_of(char const*, unsigned int) const
 .text._ZNKSs13find_first_ofERKSsj
                0x000000000000930c       0xa4 C:\Marmalade\archives\android-ndk-r9d-windows-x86-zip\sources\cxx-stl\gnu-libstdc++\4.4.3\libs\mips\libgnustl_static.a(string-inst.o)
                0x000000000000930c                std::string::find_first_of(std::string const&, unsigned int) const
 .text._ZNKSs4findEcj
                0x00000000000093b0       0x74 C:\Marmalade\archives\android-ndk-r9d-windows-x86-zip\sources\cxx-stl\gnu-libstdc++\4.4.3\libs\mips\libgnustl_static.a(string-inst.o)
                0x00000000000093b0                std::string::find(char, unsigned int) const
 .text._ZNKSs13find_first_ofEcj
                0x0000000000009424       0x74 C:\Marmalade\archives\android-ndk-r9d-windows-x86-zip\sources\cxx-stl\gnu-libstdc++\4.4.3\libs\mips\libgnustl_static.a(string-inst.o)
                0x0000000000009424                std::string::find_first_of(char, unsigned int) const
 .text._ZNKSs2atEj
                0x0000000000009498       0x48 C:\Marmalade\archives\android-ndk-r9d-windows-x86-zip\sources\cxx-stl\gnu-libstdc++\4.4.3\libs\mips\libgnustl_static.a(string-inst.o)
                0x0000000000009498                std::string::at(unsigned int) const
 .text._ZNKSs8_M_checkEjPKc
                0x00000000000094e0       0x44 C:\Marmalade\archives\android-ndk-r9d-windows-x86-zip\sources\cxx-stl\gnu-libstdc++\4.4.3\libs\mips\libgnustl_static.a(string-inst.o)
                0x00000000000094e0                std::string::_M_check(unsigned int, char const*) const
 .text._ZNKSs7compareEjjPKcj
                0x0000000000009524       0x8c C:\Marmalade\archives\android-ndk-r9d-windows-x86-zip\sources\cxx-stl\gnu-libstdc++\4.4.3\libs\mips\libgnustl_static.a(string-inst.o)
                0x0000000000009524                std::string::compare(unsigned int, unsigned int, char const*, unsigned int) const
 .text._ZNKSs7compareEjjPKc
                0x00000000000095b0       0xbc C:\Marmalade\archives\android-ndk-r9d-windows-x86-zip\sources\cxx-stl\gnu-libstdc++\4.4.3\libs\mips\libgnustl_static.a(string-inst.o)
                0x00000000000095b0                std::string::compare(unsigned int, unsigned int, char const*) const
 .text._ZNKSs7compareEjjRKSsjj
                0x000000000000966c       0xb0 C:\Marmalade\archives\android-ndk-r9d-windows-x86-zip\sources\cxx-stl\gnu-libstdc++\4.4.3\libs\mips\libgnustl_static.a(string-inst.o)
                0x000000000000966c                std::string::compare(unsigned int, unsigned int, std::string const&, unsigned int, unsigned int) const
 .text._ZNKSs7compareEjjRKSs
                0x000000000000971c       0x94 C:\Marmalade\archives\android-ndk-r9d-windows-x86-zip\sources\cxx-stl\gnu-libstdc++\4.4.3\libs\mips\libgnustl_static.a(string-inst.o)
                0x000000000000971c                std::string::compare(unsigned int, unsigned int, std::string const&) const
 .text._ZNSs9_M_assignEPcjc
                0x00000000000097b0       0x34 C:\Marmalade\archives\android-ndk-r9d-windows-x86-zip\sources\cxx-stl\gnu-libstdc++\4.4.3\libs\mips\libgnustl_static.a(string-inst.o)
                0x00000000000097b0                std::string::_M_assign(char*, unsigned int, char)
 .text._ZNSs12_S_constructEjcRKSaIcE
                0x00000000000097e4       0xcc C:\Marmalade\archives\android-ndk-r9d-windows-x86-zip\sources\cxx-stl\gnu-libstdc++\4.4.3\libs\mips\libgnustl_static.a(string-inst.o)
                0x00000000000097e4                std::string::_S_construct(unsigned int, char, std::allocator<char> const&)
 .text._ZNSs7_M_moveEPcPKcj
                0x00000000000098b0       0x2c C:\Marmalade\archives\android-ndk-r9d-windows-x86-zip\sources\cxx-stl\gnu-libstdc++\4.4.3\libs\mips\libgnustl_static.a(string-inst.o)
                0x00000000000098b0                std::string::_M_move(char*, char const*, unsigned int)
 .text._ZNSs7_M_copyEPcPKcj
                0x00000000000098dc       0x2c C:\Marmalade\archives\android-ndk-r9d-windows-x86-zip\sources\cxx-stl\gnu-libstdc++\4.4.3\libs\mips\libgnustl_static.a(string-inst.o)
                0x00000000000098dc                std::string::_M_copy(char*, char const*, unsigned int)
 .text._ZNSs13_S_copy_charsEPcPKcS1_
                0x0000000000009908       0x30 C:\Marmalade\archives\android-ndk-r9d-windows-x86-zip\sources\cxx-stl\gnu-libstdc++\4.4.3\libs\mips\libgnustl_static.a(string-inst.o)
                0x0000000000009908                std::string::_S_copy_chars(char*, char const*, char const*)
 .text._ZNSs13_S_copy_charsEPcN9__gnu_cxx17__normal_iteratorIPKcSsEES4_
                0x0000000000009938       0x30 C:\Marmalade\archives\android-ndk-r9d-windows-x86-zip\sources\cxx-stl\gnu-libstdc++\4.4.3\libs\mips\libgnustl_static.a(string-inst.o)
                0x0000000000009938                std::string::_S_copy_chars(char*, __gnu_cxx::__normal_iterator<char const*, std::string>, __gnu_cxx::__normal_iterator<char const*, std::string>)
 .text._ZNSs13_S_copy_charsEPcS_S_
                0x0000000000009968       0x30 C:\Marmalade\archives\android-ndk-r9d-windows-x86-zip\sources\cxx-stl\gnu-libstdc++\4.4.3\libs\mips\libgnustl_static.a(string-inst.o)
                0x0000000000009968                std::string::_S_copy_chars(char*, char*, char*)
 .text._ZNSs13_S_copy_charsEPcN9__gnu_cxx17__normal_iteratorIS_SsEES2_
                0x0000000000009998       0x30 C:\Marmalade\archives\android-ndk-r9d-windows-x86-zip\sources\cxx-stl\gnu-libstdc++\4.4.3\libs\mips\libgnustl_static.a(string-inst.o)
                0x0000000000009998                std::string::_S_copy_chars(char*, __gnu_cxx::__normal_iterator<char*, std::string>, __gnu_cxx::__normal_iterator<char*, std::string>)
 .text._ZNKSs6substrEjj
                0x00000000000099c8      0x150 C:\Marmalade\archives\android-ndk-r9d-windows-x86-zip\sources\cxx-stl\gnu-libstdc++\4.4.3\libs\mips\libgnustl_static.a(string-inst.o)
                0x00000000000099c8                std::string::substr(unsigned int, unsigned int) const
 .text._ZNSs12_S_constructIPKcEEPcT_S3_RKSaIcESt20forward_iterator_tag
                0x0000000000009b18      0x108 C:\Marmalade\archives\android-ndk-r9d-windows-x86-zip\sources\cxx-stl\gnu-libstdc++\4.4.3\libs\mips\libgnustl_static.a(string-inst.o)
                0x0000000000009b18                char* std::string::_S_construct<char const*>(char const*, char const*, std::allocator<char> const&, std::forward_iterator_tag)
 .text._ZNSs12_S_constructIPcEES0_T_S1_RKSaIcESt20forward_iterator_tag
                0x0000000000009c20      0x108 C:\Marmalade\archives\android-ndk-r9d-windows-x86-zip\sources\cxx-stl\gnu-libstdc++\4.4.3\libs\mips\libgnustl_static.a(string-inst.o)
                0x0000000000009c20                char* std::string::_S_construct<char*>(char*, char*, std::allocator<char> const&, std::forward_iterator_tag)
 .text._ZNKSs4copyEPcjj
                0x0000000000009d28       0xb0 C:\Marmalade\archives\android-ndk-r9d-windows-x86-zip\sources\cxx-stl\gnu-libstdc++\4.4.3\libs\mips\libgnustl_static.a(string-inst.o)
                0x0000000000009d28                std::string::copy(char*, unsigned int, unsigned int) const
 .text._ZNSs12_S_constructIN9__gnu_cxx17__normal_iteratorIPcSsEEEES2_T_S4_RKSaIcESt20forward_iterator_tag
                0x0000000000009dd8       0xd0 C:\Marmalade\archives\android-ndk-r9d-windows-x86-zip\sources\cxx-stl\gnu-libstdc++\4.4.3\libs\mips\libgnustl_static.a(string-inst.o)
                0x0000000000009dd8                char* std::string::_S_construct<__gnu_cxx::__normal_iterator<char*, std::string> >(__gnu_cxx::__normal_iterator<char*, std::string>, __gnu_cxx::__normal_iterator<char*, std::string>, std::allocator<char> const&, std::forward_iterator_tag)
 .text._ZNSsC2IN9__gnu_cxx17__normal_iteratorIPcSsEEEET_S4_RKSaIcE
                0x0000000000009ea8       0xe4 C:\Marmalade\archives\android-ndk-r9d-windows-x86-zip\sources\cxx-stl\gnu-libstdc++\4.4.3\libs\mips\libgnustl_static.a(string-inst.o)
                0x0000000000009ea8                std::basic_string<char, std::char_traits<char>, std::allocator<char> >::basic_string<__gnu_cxx::__normal_iterator<char*, std::string> >(__gnu_cxx::__normal_iterator<char*, std::string>, __gnu_cxx::__normal_iterator<char*, std::string>, std::allocator<char> const&)
 .text._ZNSs4_Rep7_M_grabERKSaIcES2_
                0x0000000000009f8c      0x10c C:\Marmalade\archives\android-ndk-r9d-windows-x86-zip\sources\cxx-stl\gnu-libstdc++\4.4.3\libs\mips\libgnustl_static.a(string-inst.o)
                0x0000000000009f8c                std::string::_Rep::_M_grab(std::allocator<char> const&, std::allocator<char> const&)
 .text._ZNSsC1EjcRKSaIcE
                0x000000000000a098       0xe4 C:\Marmalade\archives\android-ndk-r9d-windows-x86-zip\sources\cxx-stl\gnu-libstdc++\4.4.3\libs\mips\libgnustl_static.a(string-inst.o)
                0x000000000000a098                std::basic_string<char, std::char_traits<char>, std::allocator<char> >::basic_string(unsigned int, char, std::allocator<char> const&)
 .text._ZNSsC2EjcRKSaIcE
                0x000000000000a17c       0xe4 C:\Marmalade\archives\android-ndk-r9d-windows-x86-zip\sources\cxx-stl\gnu-libstdc++\4.4.3\libs\mips\libgnustl_static.a(string-inst.o)
                0x000000000000a17c                std::basic_string<char, std::char_traits<char>, std::allocator<char> >::basic_string(unsigned int, char, std::allocator<char> const&)
 .text._ZNSsC1ERKSaIcE
                0x000000000000a260       0x1c C:\Marmalade\archives\android-ndk-r9d-windows-x86-zip\sources\cxx-stl\gnu-libstdc++\4.4.3\libs\mips\libgnustl_static.a(string-inst.o)
                0x000000000000a260                std::basic_string<char, std::char_traits<char>, std::allocator<char> >::basic_string(std::allocator<char> const&)
 .text._ZNSsC2ERKSaIcE
                0x000000000000a27c       0x1c C:\Marmalade\archives\android-ndk-r9d-windows-x86-zip\sources\cxx-stl\gnu-libstdc++\4.4.3\libs\mips\libgnustl_static.a(string-inst.o)
                0x000000000000a27c                std::basic_string<char, std::char_traits<char>, std::allocator<char> >::basic_string(std::allocator<char> const&)
 .text._ZNSsD2Ev
                0x000000000000a298       0x58 C:\Marmalade\archives\android-ndk-r9d-windows-x86-zip\sources\cxx-stl\gnu-libstdc++\4.4.3\libs\mips\libgnustl_static.a(string-inst.o)
                0x000000000000a298                std::basic_string<char, std::char_traits<char>, std::allocator<char> >::~basic_string()
 .text._ZNSsD1Ev
                0x000000000000a2f0       0x58 C:\Marmalade\archives\android-ndk-r9d-windows-x86-zip\sources\cxx-stl\gnu-libstdc++\4.4.3\libs\mips\libgnustl_static.a(string-inst.o)
                0x000000000000a2f0                std::basic_string<char, std::char_traits<char>, std::allocator<char> >::~basic_string()
 .text._ZNSs4_Rep8_M_cloneERKSaIcEj
                0x000000000000a348      0x19c C:\Marmalade\archives\android-ndk-r9d-windows-x86-zip\sources\cxx-stl\gnu-libstdc++\4.4.3\libs\mips\libgnustl_static.a(string-inst.o)
                0x000000000000a348                std::string::_Rep::_M_clone(std::allocator<char> const&, unsigned int)
 .text._ZNSs7reserveEj
                0x000000000000a4e4      0x150 C:\Marmalade\archives\android-ndk-r9d-windows-x86-zip\sources\cxx-stl\gnu-libstdc++\4.4.3\libs\mips\libgnustl_static.a(string-inst.o)
                0x000000000000a4e4                std::string::reserve(unsigned int)
 .text._ZNSs9push_backEc
                0x000000000000a634       0xe0 C:\Marmalade\archives\android-ndk-r9d-windows-x86-zip\sources\cxx-stl\gnu-libstdc++\4.4.3\libs\mips\libgnustl_static.a(string-inst.o)
                0x000000000000a634                std::string::push_back(char)
 .text._ZNSspLEc
                0x000000000000a714       0xa8 C:\Marmalade\archives\android-ndk-r9d-windows-x86-zip\sources\cxx-stl\gnu-libstdc++\4.4.3\libs\mips\libgnustl_static.a(string-inst.o)
                0x000000000000a714                std::string::operator+=(char)
 .text._ZNSs6appendEjc
                0x000000000000a7bc      0x104 C:\Marmalade\archives\android-ndk-r9d-windows-x86-zip\sources\cxx-stl\gnu-libstdc++\4.4.3\libs\mips\libgnustl_static.a(string-inst.o)
                0x000000000000a7bc                std::string::append(unsigned int, char)
 .text._ZNSs6appendEPKcj
                0x000000000000a8c0      0x140 C:\Marmalade\archives\android-ndk-r9d-windows-x86-zip\sources\cxx-stl\gnu-libstdc++\4.4.3\libs\mips\libgnustl_static.a(string-inst.o)
                0x000000000000a8c0                std::string::append(char const*, unsigned int)
 .text._ZNSs6appendEPKc
                0x000000000000aa00       0x54 C:\Marmalade\archives\android-ndk-r9d-windows-x86-zip\sources\cxx-stl\gnu-libstdc++\4.4.3\libs\mips\libgnustl_static.a(string-inst.o)
                0x000000000000aa00                std::string::append(char const*)
 .text._ZNSspLEPKc
                0x000000000000aa54       0x54 C:\Marmalade\archives\android-ndk-r9d-windows-x86-zip\sources\cxx-stl\gnu-libstdc++\4.4.3\libs\mips\libgnustl_static.a(string-inst.o)
                0x000000000000aa54                std::string::operator+=(char const*)
 .text._ZNSs6appendERKSsjj
                0x000000000000aaa8      0x114 C:\Marmalade\archives\android-ndk-r9d-windows-x86-zip\sources\cxx-stl\gnu-libstdc++\4.4.3\libs\mips\libgnustl_static.a(string-inst.o)
                0x000000000000aaa8                std::string::append(std::string const&, unsigned int, unsigned int)
 .text._ZNSs6appendERKSs
                0x000000000000abbc       0xe0 C:\Marmalade\archives\android-ndk-r9d-windows-x86-zip\sources\cxx-stl\gnu-libstdc++\4.4.3\libs\mips\libgnustl_static.a(string-inst.o)
                0x000000000000abbc                std::string::append(std::string const&)
 .text._ZNSspLERKSs
                0x000000000000ac9c       0xe0 C:\Marmalade\archives\android-ndk-r9d-windows-x86-zip\sources\cxx-stl\gnu-libstdc++\4.4.3\libs\mips\libgnustl_static.a(string-inst.o)
                0x000000000000ac9c                std::string::operator+=(std::string const&)
 .text._ZStplIcSt11char_traitsIcESaIcEESbIT_T0_T1_EPKS3_RKS6_
                0x000000000000ad7c      0x174 C:\Marmalade\archives\android-ndk-r9d-windows-x86-zip\sources\cxx-stl\gnu-libstdc++\4.4.3\libs\mips\libgnustl_static.a(string-inst.o)
                0x000000000000ad7c                std::basic_string<char, std::char_traits<char>, std::allocator<char> > std::operator+<char, std::char_traits<char>, std::allocator<char> >(char const*, std::basic_string<char, std::char_traits<char>, std::allocator<char> > const&)
 .text._ZStplIcSt11char_traitsIcESaIcEESbIT_T0_T1_ES3_RKS6_
                0x000000000000aef0      0x1d0 C:\Marmalade\archives\android-ndk-r9d-windows-x86-zip\sources\cxx-stl\gnu-libstdc++\4.4.3\libs\mips\libgnustl_static.a(string-inst.o)
                0x000000000000aef0                std::basic_string<char, std::char_traits<char>, std::allocator<char> > std::operator+<char, std::char_traits<char>, std::allocator<char> >(char, std::basic_string<char, std::char_traits<char>, std::allocator<char> > const&)
 .text._ZNSsC1IN9__gnu_cxx17__normal_iteratorIPcSsEEEET_S4_RKSaIcE
                0x000000000000b0c0       0xe4 C:\Marmalade\archives\android-ndk-r9d-windows-x86-zip\sources\cxx-stl\gnu-libstdc++\4.4.3\libs\mips\libgnustl_static.a(string-inst.o)
                0x000000000000b0c0                std::basic_string<char, std::char_traits<char>, std::allocator<char> >::basic_string<__gnu_cxx::__normal_iterator<char*, std::string> >(__gnu_cxx::__normal_iterator<char*, std::string>, __gnu_cxx::__normal_iterator<char*, std::string>, std::allocator<char> const&)
 .text._ZNSsC1ERKSs
                0x000000000000b1a4      0x13c C:\Marmalade\archives\android-ndk-r9d-windows-x86-zip\sources\cxx-stl\gnu-libstdc++\4.4.3\libs\mips\libgnustl_static.a(string-inst.o)
                0x000000000000b1a4                std::basic_string<char, std::char_traits<char>, std::allocator<char> >::basic_string(std::string const&)
 .text._ZNSsC2ERKSs
                0x000000000000b2e0      0x13c C:\Marmalade\archives\android-ndk-r9d-windows-x86-zip\sources\cxx-stl\gnu-libstdc++\4.4.3\libs\mips\libgnustl_static.a(string-inst.o)
                0x000000000000b2e0                std::basic_string<char, std::char_traits<char>, std::allocator<char> >::basic_string(std::string const&)
 .text._ZStplIcSt11char_traitsIcESaIcEESbIT_T0_T1_ERKS6_S8_
                0x000000000000b41c      0x1e8 C:\Marmalade\archives\android-ndk-r9d-windows-x86-zip\sources\cxx-stl\gnu-libstdc++\4.4.3\libs\mips\libgnustl_static.a(string-inst.o)
                0x000000000000b41c                std::basic_string<char, std::char_traits<char>, std::allocator<char> > std::operator+<char, std::char_traits<char>, std::allocator<char> >(std::basic_string<char, std::char_traits<char>, std::allocator<char> > const&, std::basic_string<char, std::char_traits<char>, std::allocator<char> > const&)
 .text._ZNSs6assignERKSs
                0x000000000000b604      0x174 C:\Marmalade\archives\android-ndk-r9d-windows-x86-zip\sources\cxx-stl\gnu-libstdc++\4.4.3\libs\mips\libgnustl_static.a(string-inst.o)
                0x000000000000b604                std::string::assign(std::string const&)
 .text._ZNSsaSERKSs
                0x000000000000b778      0x174 C:\Marmalade\archives\android-ndk-r9d-windows-x86-zip\sources\cxx-stl\gnu-libstdc++\4.4.3\libs\mips\libgnustl_static.a(string-inst.o)
                0x000000000000b778                std::string::operator=(std::string const&)
 .text._ZNSs9_M_mutateEjjj
                0x000000000000b8ec      0x268 C:\Marmalade\archives\android-ndk-r9d-windows-x86-zip\sources\cxx-stl\gnu-libstdc++\4.4.3\libs\mips\libgnustl_static.a(string-inst.o)
                0x000000000000b8ec                std::string::_M_mutate(unsigned int, unsigned int, unsigned int)
 .text._ZNSs14_M_replace_auxEjjjc
                0x000000000000bb54       0xe0 C:\Marmalade\archives\android-ndk-r9d-windows-x86-zip\sources\cxx-stl\gnu-libstdc++\4.4.3\libs\mips\libgnustl_static.a(string-inst.o)
                0x000000000000bb54                std::string::_M_replace_aux(unsigned int, unsigned int, unsigned int, char)
 .text._ZNSs5eraseEN9__gnu_cxx17__normal_iteratorIPcSsEES2_
                0x000000000000bc34       0x78 C:\Marmalade\archives\android-ndk-r9d-windows-x86-zip\sources\cxx-stl\gnu-libstdc++\4.4.3\libs\mips\libgnustl_static.a(string-inst.o)
                0x000000000000bc34                std::string::erase(__gnu_cxx::__normal_iterator<char*, std::string>, __gnu_cxx::__normal_iterator<char*, std::string>)
 .text._ZNSs5eraseEN9__gnu_cxx17__normal_iteratorIPcSsEE
                0x000000000000bcac       0x78 C:\Marmalade\archives\android-ndk-r9d-windows-x86-zip\sources\cxx-stl\gnu-libstdc++\4.4.3\libs\mips\libgnustl_static.a(string-inst.o)
                0x000000000000bcac                std::string::erase(__gnu_cxx::__normal_iterator<char*, std::string>)
 .text._ZNSs5eraseEjj
                0x000000000000bd24       0x68 C:\Marmalade\archives\android-ndk-r9d-windows-x86-zip\sources\cxx-stl\gnu-libstdc++\4.4.3\libs\mips\libgnustl_static.a(string-inst.o)
                0x000000000000bd24                std::string::erase(unsigned int, unsigned int)
 .text._ZNSs6resizeEjc
                0x000000000000bd8c       0x90 C:\Marmalade\archives\android-ndk-r9d-windows-x86-zip\sources\cxx-stl\gnu-libstdc++\4.4.3\libs\mips\libgnustl_static.a(string-inst.o)
                0x000000000000bd8c                std::string::resize(unsigned int, char)
 .text._ZNSs6resizeEj
                0x000000000000be1c       0x8c C:\Marmalade\archives\android-ndk-r9d-windows-x86-zip\sources\cxx-stl\gnu-libstdc++\4.4.3\libs\mips\libgnustl_static.a(string-inst.o)
                0x000000000000be1c                std::string::resize(unsigned int)
 .text._ZNSs5clearEv
                0x000000000000bea8       0x24 C:\Marmalade\archives\android-ndk-r9d-windows-x86-zip\sources\cxx-stl\gnu-libstdc++\4.4.3\libs\mips\libgnustl_static.a(string-inst.o)
                0x000000000000bea8                std::string::clear()
 .text._ZNSs12_M_leak_hardEv
                0x000000000000becc       0x6c C:\Marmalade\archives\android-ndk-r9d-windows-x86-zip\sources\cxx-stl\gnu-libstdc++\4.4.3\libs\mips\libgnustl_static.a(string-inst.o)
                0x000000000000becc                std::string::_M_leak_hard()
 .text._ZNSs7_M_leakEv
                0x000000000000bf38       0x74 C:\Marmalade\archives\android-ndk-r9d-windows-x86-zip\sources\cxx-stl\gnu-libstdc++\4.4.3\libs\mips\libgnustl_static.a(string-inst.o)
                0x000000000000bf38                std::string::_M_leak()
 .text._ZNSs15_M_replace_safeEjjPKcj
                0x000000000000bfac       0xd4 C:\Marmalade\archives\android-ndk-r9d-windows-x86-zip\sources\cxx-stl\gnu-libstdc++\4.4.3\libs\mips\libgnustl_static.a(string-inst.o)
                0x000000000000bfac                std::string::_M_replace_safe(unsigned int, unsigned int, char const*, unsigned int)
 .text._ZNSsixEj
                0x000000000000c080       0x84 C:\Marmalade\archives\android-ndk-r9d-windows-x86-zip\sources\cxx-stl\gnu-libstdc++\4.4.3\libs\mips\libgnustl_static.a(string-inst.o)
                0x000000000000c080                std::string::operator[](unsigned int)
 .text._ZNSs5beginEv
                0x000000000000c104       0x88 C:\Marmalade\archives\android-ndk-r9d-windows-x86-zip\sources\cxx-stl\gnu-libstdc++\4.4.3\libs\mips\libgnustl_static.a(string-inst.o)
                0x000000000000c104                std::string::begin()
 .text._ZNSs4rendEv
                0x000000000000c18c       0x88 C:\Marmalade\archives\android-ndk-r9d-windows-x86-zip\sources\cxx-stl\gnu-libstdc++\4.4.3\libs\mips\libgnustl_static.a(string-inst.o)
                0x000000000000c18c                std::string::rend()
 .text._ZNSs3endEv
                0x000000000000c214       0x94 C:\Marmalade\archives\android-ndk-r9d-windows-x86-zip\sources\cxx-stl\gnu-libstdc++\4.4.3\libs\mips\libgnustl_static.a(string-inst.o)
                0x000000000000c214                std::string::end()
 .text._ZNSs6rbeginEv
                0x000000000000c2a8       0x98 C:\Marmalade\archives\android-ndk-r9d-windows-x86-zip\sources\cxx-stl\gnu-libstdc++\4.4.3\libs\mips\libgnustl_static.a(string-inst.o)
                0x000000000000c2a8                std::string::rbegin()
 .text._ZNSs2atEj
                0x000000000000c340       0xa0 C:\Marmalade\archives\android-ndk-r9d-windows-x86-zip\sources\cxx-stl\gnu-libstdc++\4.4.3\libs\mips\libgnustl_static.a(string-inst.o)
                0x000000000000c340                std::string::at(unsigned int)
 .text._ZNSs6insertEjPKcj
                0x000000000000c3e0      0x260 C:\Marmalade\archives\android-ndk-r9d-windows-x86-zip\sources\cxx-stl\gnu-libstdc++\4.4.3\libs\mips\libgnustl_static.a(string-inst.o)
                0x000000000000c3e0                std::string::insert(unsigned int, char const*, unsigned int)
 .text._ZNSs6insertEjPKc
                0x000000000000c640       0x5c C:\Marmalade\archives\android-ndk-r9d-windows-x86-zip\sources\cxx-stl\gnu-libstdc++\4.4.3\libs\mips\libgnustl_static.a(string-inst.o)
                0x000000000000c640                std::string::insert(unsigned int, char const*)
 .text._ZNSs6insertEjRKSsjj
                0x000000000000c69c       0x60 C:\Marmalade\archives\android-ndk-r9d-windows-x86-zip\sources\cxx-stl\gnu-libstdc++\4.4.3\libs\mips\libgnustl_static.a(string-inst.o)
                0x000000000000c69c                std::string::insert(unsigned int, std::string const&, unsigned int, unsigned int)
 .text._ZNSs6insertEjRKSs
                0x000000000000c6fc       0x1c C:\Marmalade\archives\android-ndk-r9d-windows-x86-zip\sources\cxx-stl\gnu-libstdc++\4.4.3\libs\mips\libgnustl_static.a(string-inst.o)
                0x000000000000c6fc                std::string::insert(unsigned int, std::string const&)
 .text._ZNSs6assignEPKcj
                0x000000000000c718      0x168 C:\Marmalade\archives\android-ndk-r9d-windows-x86-zip\sources\cxx-stl\gnu-libstdc++\4.4.3\libs\mips\libgnustl_static.a(string-inst.o)
                0x000000000000c718                std::string::assign(char const*, unsigned int)
 .text._ZNSs6assignEPKc
                0x000000000000c880       0x54 C:\Marmalade\archives\android-ndk-r9d-windows-x86-zip\sources\cxx-stl\gnu-libstdc++\4.4.3\libs\mips\libgnustl_static.a(string-inst.o)
                0x000000000000c880                std::string::assign(char const*)
 .text._ZNSsaSEPKc
                0x000000000000c8d4       0x54 C:\Marmalade\archives\android-ndk-r9d-windows-x86-zip\sources\cxx-stl\gnu-libstdc++\4.4.3\libs\mips\libgnustl_static.a(string-inst.o)
                0x000000000000c8d4                std::string::operator=(char const*)
 .text._ZNSs6assignERKSsjj
                0x000000000000c928       0x5c C:\Marmalade\archives\android-ndk-r9d-windows-x86-zip\sources\cxx-stl\gnu-libstdc++\4.4.3\libs\mips\libgnustl_static.a(string-inst.o)
                0x000000000000c928                std::string::assign(std::string const&, unsigned int, unsigned int)
 .text._ZNSs6assignEjc
                0x000000000000c984       0xcc C:\Marmalade\archives\android-ndk-r9d-windows-x86-zip\sources\cxx-stl\gnu-libstdc++\4.4.3\libs\mips\libgnustl_static.a(string-inst.o)
                0x000000000000c984                std::string::assign(unsigned int, char)
 .text._ZNSsaSEc
                0x000000000000ca50       0x5c C:\Marmalade\archives\android-ndk-r9d-windows-x86-zip\sources\cxx-stl\gnu-libstdc++\4.4.3\libs\mips\libgnustl_static.a(string-inst.o)
                0x000000000000ca50                std::string::operator=(char)
 .text._ZNSs7replaceEN9__gnu_cxx17__normal_iteratorIPcSsEES2_jc
                0x000000000000caac       0xe4 C:\Marmalade\archives\android-ndk-r9d-windows-x86-zip\sources\cxx-stl\gnu-libstdc++\4.4.3\libs\mips\libgnustl_static.a(string-inst.o)
                0x000000000000caac                std::string::replace(__gnu_cxx::__normal_iterator<char*, std::string>, __gnu_cxx::__normal_iterator<char*, std::string>, unsigned int, char)
 .text._ZNSs6insertEN9__gnu_cxx17__normal_iteratorIPcSsEEjc
                0x000000000000cb90       0xdc C:\Marmalade\archives\android-ndk-r9d-windows-x86-zip\sources\cxx-stl\gnu-libstdc++\4.4.3\libs\mips\libgnustl_static.a(string-inst.o)
                0x000000000000cb90                std::string::insert(__gnu_cxx::__normal_iterator<char*, std::string>, unsigned int, char)
 .text._ZNSs6insertEN9__gnu_cxx17__normal_iteratorIPcSsEEc
                0x000000000000cc6c       0xb8 C:\Marmalade\archives\android-ndk-r9d-windows-x86-zip\sources\cxx-stl\gnu-libstdc++\4.4.3\libs\mips\libgnustl_static.a(string-inst.o)
                0x000000000000cc6c                std::string::insert(__gnu_cxx::__normal_iterator<char*, std::string>, char)
 .text._ZNSs6insertEjjc
                0x000000000000cd24       0xfc C:\Marmalade\archives\android-ndk-r9d-windows-x86-zip\sources\cxx-stl\gnu-libstdc++\4.4.3\libs\mips\libgnustl_static.a(string-inst.o)
                0x000000000000cd24                std::string::insert(unsigned int, unsigned int, char)
 .text._ZNSs7replaceEjjjc
                0x000000000000ce20      0x104 C:\Marmalade\archives\android-ndk-r9d-windows-x86-zip\sources\cxx-stl\gnu-libstdc++\4.4.3\libs\mips\libgnustl_static.a(string-inst.o)
                0x000000000000ce20                std::string::replace(unsigned int, unsigned int, unsigned int, char)
 .text._ZNSs7replaceEjjPKcj
                0x000000000000cf24      0x3a8 C:\Marmalade\archives\android-ndk-r9d-windows-x86-zip\sources\cxx-stl\gnu-libstdc++\4.4.3\libs\mips\libgnustl_static.a(string-inst.o)
                0x000000000000cf24                std::string::replace(unsigned int, unsigned int, char const*, unsigned int)
 .text._ZNSs7replaceEN9__gnu_cxx17__normal_iteratorIPcSsEES2_NS0_IPKcSsEES5_
                0x000000000000d2cc       0x2c C:\Marmalade\archives\android-ndk-r9d-windows-x86-zip\sources\cxx-stl\gnu-libstdc++\4.4.3\libs\mips\libgnustl_static.a(string-inst.o)
                0x000000000000d2cc                std::string::replace(__gnu_cxx::__normal_iterator<char*, std::string>, __gnu_cxx::__normal_iterator<char*, std::string>, __gnu_cxx::__normal_iterator<char const*, std::string>, __gnu_cxx::__normal_iterator<char const*, std::string>)
 .text._ZNSs7replaceEN9__gnu_cxx17__normal_iteratorIPcSsEES2_S2_S2_
                0x000000000000d2f8       0x2c C:\Marmalade\archives\android-ndk-r9d-windows-x86-zip\sources\cxx-stl\gnu-libstdc++\4.4.3\libs\mips\libgnustl_static.a(string-inst.o)
                0x000000000000d2f8                std::string::replace(__gnu_cxx::__normal_iterator<char*, std::string>, __gnu_cxx::__normal_iterator<char*, std::string>, __gnu_cxx::__normal_iterator<char*, std::string>, __gnu_cxx::__normal_iterator<char*, std::string>)
 .text._ZNSs7replaceEN9__gnu_cxx17__normal_iteratorIPcSsEES2_PKcS4_
                0x000000000000d324       0x2c C:\Marmalade\archives\android-ndk-r9d-windows-x86-zip\sources\cxx-stl\gnu-libstdc++\4.4.3\libs\mips\libgnustl_static.a(string-inst.o)
                0x000000000000d324                std::string::replace(__gnu_cxx::__normal_iterator<char*, std::string>, __gnu_cxx::__normal_iterator<char*, std::string>, char const*, char const*)
 .text._ZNSs7replaceEN9__gnu_cxx17__normal_iteratorIPcSsEES2_St16initializer_listIcE
                0x000000000000d350       0x24 C:\Marmalade\archives\android-ndk-r9d-windows-x86-zip\sources\cxx-stl\gnu-libstdc++\4.4.3\libs\mips\libgnustl_static.a(string-inst.o)
                0x000000000000d350                std::string::replace(__gnu_cxx::__normal_iterator<char*, std::string>, __gnu_cxx::__normal_iterator<char*, std::string>, std::initializer_list<char>)
 .text._ZNSs6insertEN9__gnu_cxx17__normal_iteratorIPcSsEESt16initializer_listIcE
                0x000000000000d374       0x48 C:\Marmalade\archives\android-ndk-r9d-windows-x86-zip\sources\cxx-stl\gnu-libstdc++\4.4.3\libs\mips\libgnustl_static.a(string-inst.o)
                0x000000000000d374                std::string::insert(__gnu_cxx::__normal_iterator<char*, std::string>, std::initializer_list<char>)
 .text._ZNSs6assignESt16initializer_listIcE
                0x000000000000d3bc       0x4c C:\Marmalade\archives\android-ndk-r9d-windows-x86-zip\sources\cxx-stl\gnu-libstdc++\4.4.3\libs\mips\libgnustl_static.a(string-inst.o)
                0x000000000000d3bc                std::string::assign(std::initializer_list<char>)
 .text._ZNSsaSESt16initializer_listIcE
                0x000000000000d408       0x5c C:\Marmalade\archives\android-ndk-r9d-windows-x86-zip\sources\cxx-stl\gnu-libstdc++\4.4.3\libs\mips\libgnustl_static.a(string-inst.o)
                0x000000000000d408                std::string::operator=(std::initializer_list<char>)
 .text._ZNSs6appendESt16initializer_listIcE
                0x000000000000d464       0x4c C:\Marmalade\archives\android-ndk-r9d-windows-x86-zip\sources\cxx-stl\gnu-libstdc++\4.4.3\libs\mips\libgnustl_static.a(string-inst.o)
                0x000000000000d464                std::string::append(std::initializer_list<char>)
 .text._ZNSspLESt16initializer_listIcE
                0x000000000000d4b0       0x4c C:\Marmalade\archives\android-ndk-r9d-windows-x86-zip\sources\cxx-stl\gnu-libstdc++\4.4.3\libs\mips\libgnustl_static.a(string-inst.o)
                0x000000000000d4b0                std::string::operator+=(std::initializer_list<char>)
 .text._ZNSs7replaceEN9__gnu_cxx17__normal_iteratorIPcSsEES2_S1_S1_
                0x000000000000d4fc       0x2c C:\Marmalade\archives\android-ndk-r9d-windows-x86-zip\sources\cxx-stl\gnu-libstdc++\4.4.3\libs\mips\libgnustl_static.a(string-inst.o)
                0x000000000000d4fc                std::string::replace(__gnu_cxx::__normal_iterator<char*, std::string>, __gnu_cxx::__normal_iterator<char*, std::string>, char*, char*)
 .text._ZNSs7replaceEN9__gnu_cxx17__normal_iteratorIPcSsEES2_PKcj
                0x000000000000d528       0x20 C:\Marmalade\archives\android-ndk-r9d-windows-x86-zip\sources\cxx-stl\gnu-libstdc++\4.4.3\libs\mips\libgnustl_static.a(string-inst.o)
                0x000000000000d528                std::string::replace(__gnu_cxx::__normal_iterator<char*, std::string>, __gnu_cxx::__normal_iterator<char*, std::string>, char const*, unsigned int)
 .text._ZNSs7replaceEN9__gnu_cxx17__normal_iteratorIPcSsEES2_PKc
                0x000000000000d548       0x74 C:\Marmalade\archives\android-ndk-r9d-windows-x86-zip\sources\cxx-stl\gnu-libstdc++\4.4.3\libs\mips\libgnustl_static.a(string-inst.o)
                0x000000000000d548                std::string::replace(__gnu_cxx::__normal_iterator<char*, std::string>, __gnu_cxx::__normal_iterator<char*, std::string>, char const*)
 .text._ZNSs7replaceEN9__gnu_cxx17__normal_iteratorIPcSsEES2_RKSs
                0x000000000000d5bc       0x44 C:\Marmalade\archives\android-ndk-r9d-windows-x86-zip\sources\cxx-stl\gnu-libstdc++\4.4.3\libs\mips\libgnustl_static.a(string-inst.o)
                0x000000000000d5bc                std::string::replace(__gnu_cxx::__normal_iterator<char*, std::string>, __gnu_cxx::__normal_iterator<char*, std::string>, std::string const&)
 .text._ZNSs7replaceEjjPKc
                0x000000000000d600       0x68 C:\Marmalade\archives\android-ndk-r9d-windows-x86-zip\sources\cxx-stl\gnu-libstdc++\4.4.3\libs\mips\libgnustl_static.a(string-inst.o)
                0x000000000000d600                std::string::replace(unsigned int, unsigned int, char const*)
 .text._ZNSs7replaceEjjRKSsjj
                0x000000000000d668       0x64 C:\Marmalade\archives\android-ndk-r9d-windows-x86-zip\sources\cxx-stl\gnu-libstdc++\4.4.3\libs\mips\libgnustl_static.a(string-inst.o)
                0x000000000000d668                std::string::replace(unsigned int, unsigned int, std::string const&, unsigned int, unsigned int)
 .text._ZNSs7replaceEjjRKSs
                0x000000000000d6cc       0x38 C:\Marmalade\archives\android-ndk-r9d-windows-x86-zip\sources\cxx-stl\gnu-libstdc++\4.4.3\libs\mips\libgnustl_static.a(string-inst.o)
                0x000000000000d6cc                std::string::replace(unsigned int, unsigned int, std::string const&)
 .text._ZNSsC2IPcEET_S1_RKSaIcE
                0x000000000000d704      0x120 C:\Marmalade\archives\android-ndk-r9d-windows-x86-zip\sources\cxx-stl\gnu-libstdc++\4.4.3\libs\mips\libgnustl_static.a(string-inst.o)
                0x000000000000d704                std::basic_string<char, std::char_traits<char>, std::allocator<char> >::basic_string<char*>(char*, char*, std::allocator<char> const&)
 .text._ZNSsC1IPcEET_S1_RKSaIcE
                0x000000000000d824      0x120 C:\Marmalade\archives\android-ndk-r9d-windows-x86-zip\sources\cxx-stl\gnu-libstdc++\4.4.3\libs\mips\libgnustl_static.a(string-inst.o)
                0x000000000000d824                std::basic_string<char, std::char_traits<char>, std::allocator<char> >::basic_string<char*>(char*, char*, std::allocator<char> const&)
 .text._ZNSsC2ERKSsjjRKSaIcE
                0x000000000000d944      0x15c C:\Marmalade\archives\android-ndk-r9d-windows-x86-zip\sources\cxx-stl\gnu-libstdc++\4.4.3\libs\mips\libgnustl_static.a(string-inst.o)
                0x000000000000d944                std::basic_string<char, std::char_traits<char>, std::allocator<char> >::basic_string(std::string const&, unsigned int, unsigned int, std::allocator<char> const&)
 .text._ZNSsC1ERKSsjjRKSaIcE
                0x000000000000daa0      0x15c C:\Marmalade\archives\android-ndk-r9d-windows-x86-zip\sources\cxx-stl\gnu-libstdc++\4.4.3\libs\mips\libgnustl_static.a(string-inst.o)
                0x000000000000daa0                std::basic_string<char, std::char_traits<char>, std::allocator<char> >::basic_string(std::string const&, unsigned int, unsigned int, std::allocator<char> const&)
 .text._ZNSsC2ERKSsjj
                0x000000000000dbfc      0x148 C:\Marmalade\archives\android-ndk-r9d-windows-x86-zip\sources\cxx-stl\gnu-libstdc++\4.4.3\libs\mips\libgnustl_static.a(string-inst.o)
                0x000000000000dbfc                std::basic_string<char, std::char_traits<char>, std::allocator<char> >::basic_string(std::string const&, unsigned int, unsigned int)
 .text._ZNSsC1ERKSsjj
                0x000000000000dd44      0x148 C:\Marmalade\archives\android-ndk-r9d-windows-x86-zip\sources\cxx-stl\gnu-libstdc++\4.4.3\libs\mips\libgnustl_static.a(string-inst.o)
                0x000000000000dd44                std::basic_string<char, std::char_traits<char>, std::allocator<char> >::basic_string(std::string const&, unsigned int, unsigned int)
 .text._ZNSsC2IPKcEET_S2_RKSaIcE
                0x000000000000de8c      0x120 C:\Marmalade\archives\android-ndk-r9d-windows-x86-zip\sources\cxx-stl\gnu-libstdc++\4.4.3\libs\mips\libgnustl_static.a(string-inst.o)
                0x000000000000de8c                std::basic_string<char, std::char_traits<char>, std::allocator<char> >::basic_string<char const*>(char const*, char const*, std::allocator<char> const&)
 .text._ZNSsC1IPKcEET_S2_RKSaIcE
                0x000000000000dfac      0x120 C:\Marmalade\archives\android-ndk-r9d-windows-x86-zip\sources\cxx-stl\gnu-libstdc++\4.4.3\libs\mips\libgnustl_static.a(string-inst.o)
                0x000000000000dfac                std::basic_string<char, std::char_traits<char>, std::allocator<char> >::basic_string<char const*>(char const*, char const*, std::allocator<char> const&)
 .text._ZNSsC2ESt16initializer_listIcERKSaIcE
                0x000000000000e0cc      0x12c C:\Marmalade\archives\android-ndk-r9d-windows-x86-zip\sources\cxx-stl\gnu-libstdc++\4.4.3\libs\mips\libgnustl_static.a(string-inst.o)
                0x000000000000e0cc                std::basic_string<char, std::char_traits<char>, std::allocator<char> >::basic_string(std::initializer_list<char>, std::allocator<char> const&)
 .text._ZNSsC1ESt16initializer_listIcERKSaIcE
                0x000000000000e1f8      0x12c C:\Marmalade\archives\android-ndk-r9d-windows-x86-zip\sources\cxx-stl\gnu-libstdc++\4.4.3\libs\mips\libgnustl_static.a(string-inst.o)
                0x000000000000e1f8                std::basic_string<char, std::char_traits<char>, std::allocator<char> >::basic_string(std::initializer_list<char>, std::allocator<char> const&)
 .text._ZNSsC1EPKcjRKSaIcE
                0x000000000000e324      0x124 C:\Marmalade\archives\android-ndk-r9d-windows-x86-zip\sources\cxx-stl\gnu-libstdc++\4.4.3\libs\mips\libgnustl_static.a(string-inst.o)
                0x000000000000e324                std::basic_string<char, std::char_traits<char>, std::allocator<char> >::basic_string(char const*, unsigned int, std::allocator<char> const&)
 .text._ZNSsC2EPKcjRKSaIcE
                0x000000000000e448      0x124 C:\Marmalade\archives\android-ndk-r9d-windows-x86-zip\sources\cxx-stl\gnu-libstdc++\4.4.3\libs\mips\libgnustl_static.a(string-inst.o)
                0x000000000000e448                std::basic_string<char, std::char_traits<char>, std::allocator<char> >::basic_string(char const*, unsigned int, std::allocator<char> const&)
 .text._ZNSsC1EPKcRKSaIcE
                0x000000000000e56c      0x110 C:\Marmalade\archives\android-ndk-r9d-windows-x86-zip\sources\cxx-stl\gnu-libstdc++\4.4.3\libs\mips\libgnustl_static.a(string-inst.o)
                0x000000000000e56c                std::basic_string<char, std::char_traits<char>, std::allocator<char> >::basic_string(char const*, std::allocator<char> const&)
 .text._ZNSsC2EPKcRKSaIcE
                0x000000000000e67c      0x110 C:\Marmalade\archives\android-ndk-r9d-windows-x86-zip\sources\cxx-stl\gnu-libstdc++\4.4.3\libs\mips\libgnustl_static.a(string-inst.o)
                0x000000000000e67c                std::basic_string<char, std::char_traits<char>, std::allocator<char> >::basic_string(char const*, std::allocator<char> const&)
 *fill*         0x000000000000e78c        0x4 00000000
 .text          0x000000000000e790        0x0 C:\Marmalade\archives\android-ndk-r9d-windows-x86-zip\sources\cxx-stl\gnu-libstdc++\4.4.3\libs\mips\libgnustl_static.a(del_op.o)
 .text._ZdlPv   0x000000000000e790       0x28 C:\Marmalade\archives\android-ndk-r9d-windows-x86-zip\sources\cxx-stl\gnu-libstdc++\4.4.3\libs\mips\libgnustl_static.a(del_op.o)
                0x000000000000e790                operator delete(void*)
 *fill*         0x000000000000e7b8        0x8 00000000
 .text          0x000000000000e7c0        0x0 C:\Marmalade\archives\android-ndk-r9d-windows-x86-zip\sources\cxx-stl\gnu-libstdc++\4.4.3\libs\mips\libgnustl_static.a(del_opv.o)
 .text._ZdaPv   0x000000000000e7c0       0x18 C:\Marmalade\archives\android-ndk-r9d-windows-x86-zip\sources\cxx-stl\gnu-libstdc++\4.4.3\libs\mips\libgnustl_static.a(del_opv.o)
                0x000000000000e7c0                operator delete[](void*)
 *fill*         0x000000000000e7d8        0x8 00000000
 .text          0x000000000000e7e0        0x0 C:\Marmalade\archives\android-ndk-r9d-windows-x86-zip\sources\cxx-stl\gnu-libstdc++\4.4.3\libs\mips\libgnustl_static.a(eh_personality.o)
 .text._ZL21base_of_encoded_valuehP15_Unwind_Context
                0x000000000000e7e0       0xc0 C:\Marmalade\archives\android-ndk-r9d-windows-x86-zip\sources\cxx-stl\gnu-libstdc++\4.4.3\libs\mips\libgnustl_static.a(eh_personality.o)
 .text._ZL20check_exception_specP16lsda_header_infoPKSt9type_infoPvl
                0x000000000000e8a0      0x2c8 C:\Marmalade\archives\android-ndk-r9d-windows-x86-zip\sources\cxx-stl\gnu-libstdc++\4.4.3\libs\mips\libgnustl_static.a(eh_personality.o)
 .text._ZL17parse_lsda_headerP15_Unwind_ContextPKhP16lsda_header_info
                0x000000000000eb68      0x294 C:\Marmalade\archives\android-ndk-r9d-windows-x86-zip\sources\cxx-stl\gnu-libstdc++\4.4.3\libs\mips\libgnustl_static.a(eh_personality.o)
 .text.__cxa_call_unexpected
                0x000000000000edfc      0x184 C:\Marmalade\archives\android-ndk-r9d-windows-x86-zip\sources\cxx-stl\gnu-libstdc++\4.4.3\libs\mips\libgnustl_static.a(eh_personality.o)
                0x000000000000edfc                __cxa_call_unexpected
 .text.__gxx_personality_v0
                0x000000000000ef80      0xdbc C:\Marmalade\archives\android-ndk-r9d-windows-x86-zip\sources\cxx-stl\gnu-libstdc++\4.4.3\libs\mips\libgnustl_static.a(eh_personality.o)
                0x000000000000ef80                __gxx_personality_v0
 *fill*         0x000000000000fd3c        0x4 00000000
 .text          0x000000000000fd40        0x0 C:\Marmalade\archives\android-ndk-r9d-windows-x86-zip\sources\cxx-stl\gnu-libstdc++\4.4.3\libs\mips\libgnustl_static.a(eh_terminate.o)
 .text._ZSt13set_terminatePFvvE
                0x000000000000fd40       0x34 C:\Marmalade\archives\android-ndk-r9d-windows-x86-zip\sources\cxx-stl\gnu-libstdc++\4.4.3\libs\mips\libgnustl_static.a(eh_terminate.o)
                0x000000000000fd40                std::set_terminate(void (*)())
 .text._ZSt14set_unexpectedPFvvE
                0x000000000000fd74       0x34 C:\Marmalade\archives\android-ndk-r9d-windows-x86-zip\sources\cxx-stl\gnu-libstdc++\4.4.3\libs\mips\libgnustl_static.a(eh_terminate.o)
                0x000000000000fd74                std::set_unexpected(void (*)())
 .text._ZN10__cxxabiv111__terminateEPFvvE
                0x000000000000fda8       0x7c C:\Marmalade\archives\android-ndk-r9d-windows-x86-zip\sources\cxx-stl\gnu-libstdc++\4.4.3\libs\mips\libgnustl_static.a(eh_terminate.o)
                0x000000000000fda8                __cxxabiv1::__terminate(void (*)())
 .text._ZSt9terminatev
                0x000000000000fe24       0x30 C:\Marmalade\archives\android-ndk-r9d-windows-x86-zip\sources\cxx-stl\gnu-libstdc++\4.4.3\libs\mips\libgnustl_static.a(eh_terminate.o)
                0x000000000000fe24                std::terminate()
 .text._ZN10__cxxabiv112__unexpectedEPFvvE
                0x000000000000fe54       0x3c C:\Marmalade\archives\android-ndk-r9d-windows-x86-zip\sources\cxx-stl\gnu-libstdc++\4.4.3\libs\mips\libgnustl_static.a(eh_terminate.o)
                0x000000000000fe54                __cxxabiv1::__unexpected(void (*)())
 .text._ZSt10unexpectedv
                0x000000000000fe90       0x30 C:\Marmalade\archives\android-ndk-r9d-windows-x86-zip\sources\cxx-stl\gnu-libstdc++\4.4.3\libs\mips\libgnustl_static.a(eh_terminate.o)
                0x000000000000fe90                std::unexpected()
 .text          0x000000000000fec0        0x0 C:\Marmalade\archives\android-ndk-r9d-windows-x86-zip\sources\cxx-stl\gnu-libstdc++\4.4.3\libs\mips\libgnustl_static.a(eh_throw.o)
 .text.__cxa_rethrow
                0x000000000000fec0       0xc4 C:\Marmalade\archives\android-ndk-r9d-windows-x86-zip\sources\cxx-stl\gnu-libstdc++\4.4.3\libs\mips\libgnustl_static.a(eh_throw.o)
                0x000000000000fec0                __cxa_rethrow
 .text.__cxa_throw
                0x000000000000ff84       0xa4 C:\Marmalade\archives\android-ndk-r9d-windows-x86-zip\sources\cxx-stl\gnu-libstdc++\4.4.3\libs\mips\libgnustl_static.a(eh_throw.o)
                0x000000000000ff84                __cxa_throw
 .text._ZL23__gxx_exception_cleanup19_Unwind_Reason_CodeP17_Unwind_Exception
                0x0000000000010028       0xcc C:\Marmalade\archives\android-ndk-r9d-windows-x86-zip\sources\cxx-stl\gnu-libstdc++\4.4.3\libs\mips\libgnustl_static.a(eh_throw.o)
 *fill*         0x00000000000100f4        0xc 00000000
 .text          0x0000000000010100        0x0 C:\Marmalade\archives\android-ndk-r9d-windows-x86-zip\sources\cxx-stl\gnu-libstdc++\4.4.3\libs\mips\libgnustl_static.a(eh_unex_handler.o)
 .text          0x0000000000010100        0x0 C:\Marmalade\archives\android-ndk-r9d-windows-x86-zip\sources\cxx-stl\gnu-libstdc++\4.4.3\libs\mips\libgnustl_static.a(new_op.o)
 .text._Znwj    0x0000000000010100       0xe0 C:\Marmalade\archives\android-ndk-r9d-windows-x86-zip\sources\cxx-stl\gnu-libstdc++\4.4.3\libs\mips\libgnustl_static.a(new_op.o)
                0x0000000000010100                operator new(unsigned int)
 .text          0x00000000000101e0        0x0 C:\Marmalade\archives\android-ndk-r9d-windows-x86-zip\sources\cxx-stl\gnu-libstdc++\4.4.3\libs\mips\libgnustl_static.a(new_opv.o)
 .text._Znaj    0x00000000000101e0       0x54 C:\Marmalade\archives\android-ndk-r9d-windows-x86-zip\sources\cxx-stl\gnu-libstdc++\4.4.3\libs\mips\libgnustl_static.a(new_opv.o)
                0x00000000000101e0                operator new[](unsigned int)
 *fill*         0x0000000000010234        0xc 00000000
 .text          0x0000000000010240        0x0 C:\Marmalade\archives\android-ndk-r9d-windows-x86-zip\sources\cxx-stl\gnu-libstdc++\4.4.3\libs\mips\libgnustl_static.a(functexcept.o)
 .text._ZSt18__throw_bad_typeidv
                0x0000000000010240       0x50 C:\Marmalade\archives\android-ndk-r9d-windows-x86-zip\sources\cxx-stl\gnu-libstdc++\4.4.3\libs\mips\libgnustl_static.a(functexcept.o)
                0x0000000000010240                std::__throw_bad_typeid()
 .text._ZSt16__throw_bad_castv
                0x0000000000010290       0x50 C:\Marmalade\archives\android-ndk-r9d-windows-x86-zip\sources\cxx-stl\gnu-libstdc++\4.4.3\libs\mips\libgnustl_static.a(functexcept.o)
                0x0000000000010290                std::__throw_bad_cast()
 .text._ZSt17__throw_bad_allocv
                0x00000000000102e0       0x50 C:\Marmalade\archives\android-ndk-r9d-windows-x86-zip\sources\cxx-stl\gnu-libstdc++\4.4.3\libs\mips\libgnustl_static.a(functexcept.o)
                0x00000000000102e0                std::__throw_bad_alloc()
 .text._ZSt21__throw_bad_exceptionv
                0x0000000000010330       0x50 C:\Marmalade\archives\android-ndk-r9d-windows-x86-zip\sources\cxx-stl\gnu-libstdc++\4.4.3\libs\mips\libgnustl_static.a(functexcept.o)
                0x0000000000010330                std::__throw_bad_exception()
 .text._ZNSt15underflow_errorD1Ev
                0x0000000000010380       0x38 C:\Marmalade\archives\android-ndk-r9d-windows-x86-zip\sources\cxx-stl\gnu-libstdc++\4.4.3\libs\mips\libgnustl_static.a(functexcept.o)
                0x0000000000010380                std::underflow_error::~underflow_error()
 .text._ZNSt14overflow_errorD1Ev
                0x00000000000103b8       0x38 C:\Marmalade\archives\android-ndk-r9d-windows-x86-zip\sources\cxx-stl\gnu-libstdc++\4.4.3\libs\mips\libgnustl_static.a(functexcept.o)
                0x00000000000103b8                std::overflow_error::~overflow_error()
 .text._ZNSt11range_errorD1Ev
                0x00000000000103f0       0x38 C:\Marmalade\archives\android-ndk-r9d-windows-x86-zip\sources\cxx-stl\gnu-libstdc++\4.4.3\libs\mips\libgnustl_static.a(functexcept.o)
                0x00000000000103f0                std::range_error::~range_error()
 .text._ZNSt15underflow_errorD0Ev
                0x0000000000010428       0x60 C:\Marmalade\archives\android-ndk-r9d-windows-x86-zip\sources\cxx-stl\gnu-libstdc++\4.4.3\libs\mips\libgnustl_static.a(functexcept.o)
                0x0000000000010428                std::underflow_error::~underflow_error()
 .text._ZNSt14overflow_errorD0Ev
                0x0000000000010488       0x60 C:\Marmalade\archives\android-ndk-r9d-windows-x86-zip\sources\cxx-stl\gnu-libstdc++\4.4.3\libs\mips\libgnustl_static.a(functexcept.o)
                0x0000000000010488                std::overflow_error::~overflow_error()
 .text._ZNSt11range_errorD0Ev
                0x00000000000104e8       0x60 C:\Marmalade\archives\android-ndk-r9d-windows-x86-zip\sources\cxx-stl\gnu-libstdc++\4.4.3\libs\mips\libgnustl_static.a(functexcept.o)
                0x00000000000104e8                std::range_error::~range_error()
 .text._ZNSt12out_of_rangeD1Ev
                0x0000000000010548       0x38 C:\Marmalade\archives\android-ndk-r9d-windows-x86-zip\sources\cxx-stl\gnu-libstdc++\4.4.3\libs\mips\libgnustl_static.a(functexcept.o)
                0x0000000000010548                std::out_of_range::~out_of_range()
 .text._ZNSt12out_of_rangeD0Ev
                0x0000000000010580       0x60 C:\Marmalade\archives\android-ndk-r9d-windows-x86-zip\sources\cxx-stl\gnu-libstdc++\4.4.3\libs\mips\libgnustl_static.a(functexcept.o)
                0x0000000000010580                std::out_of_range::~out_of_range()
 .text._ZNSt12length_errorD1Ev
                0x00000000000105e0       0x38 C:\Marmalade\archives\android-ndk-r9d-windows-x86-zip\sources\cxx-stl\gnu-libstdc++\4.4.3\libs\mips\libgnustl_static.a(functexcept.o)
                0x00000000000105e0                std::length_error::~length_error()
 .text._ZNSt12length_errorD0Ev
                0x0000000000010618       0x60 C:\Marmalade\archives\android-ndk-r9d-windows-x86-zip\sources\cxx-stl\gnu-libstdc++\4.4.3\libs\mips\libgnustl_static.a(functexcept.o)
                0x0000000000010618                std::length_error::~length_error()
 .text._ZNSt16invalid_argumentD1Ev
                0x0000000000010678       0x38 C:\Marmalade\archives\android-ndk-r9d-windows-x86-zip\sources\cxx-stl\gnu-libstdc++\4.4.3\libs\mips\libgnustl_static.a(functexcept.o)
                0x0000000000010678                std::invalid_argument::~invalid_argument()
 .text._ZNSt16invalid_argumentD0Ev
                0x00000000000106b0       0x60 C:\Marmalade\archives\android-ndk-r9d-windows-x86-zip\sources\cxx-stl\gnu-libstdc++\4.4.3\libs\mips\libgnustl_static.a(functexcept.o)
                0x00000000000106b0                std::invalid_argument::~invalid_argument()
 .text._ZNSt12domain_errorD1Ev
                0x0000000000010710       0x38 C:\Marmalade\archives\android-ndk-r9d-windows-x86-zip\sources\cxx-stl\gnu-libstdc++\4.4.3\libs\mips\libgnustl_static.a(functexcept.o)
                0x0000000000010710                std::domain_error::~domain_error()
 .text._ZNSt12domain_errorD0Ev
                0x0000000000010748       0x60 C:\Marmalade\archives\android-ndk-r9d-windows-x86-zip\sources\cxx-stl\gnu-libstdc++\4.4.3\libs\mips\libgnustl_static.a(functexcept.o)
                0x0000000000010748                std::domain_error::~domain_error()
 .text._ZSt19__throw_ios_failurePKc
                0x00000000000107a8       0xe0 C:\Marmalade\archives\android-ndk-r9d-windows-x86-zip\sources\cxx-stl\gnu-libstdc++\4.4.3\libs\mips\libgnustl_static.a(functexcept.o)
                0x00000000000107a8                std::__throw_ios_failure(char const*)
 .text._ZSt23__throw_underflow_errorPKc
                0x0000000000010888      0x12c C:\Marmalade\archives\android-ndk-r9d-windows-x86-zip\sources\cxx-stl\gnu-libstdc++\4.4.3\libs\mips\libgnustl_static.a(functexcept.o)
                0x0000000000010888                std::__throw_underflow_error(char const*)
 .text._ZSt22__throw_overflow_errorPKc
                0x00000000000109b4      0x12c C:\Marmalade\archives\android-ndk-r9d-windows-x86-zip\sources\cxx-stl\gnu-libstdc++\4.4.3\libs\mips\libgnustl_static.a(functexcept.o)
                0x00000000000109b4                std::__throw_overflow_error(char const*)
 .text._ZSt19__throw_range_errorPKc
                0x0000000000010ae0      0x12c C:\Marmalade\archives\android-ndk-r9d-windows-x86-zip\sources\cxx-stl\gnu-libstdc++\4.4.3\libs\mips\libgnustl_static.a(functexcept.o)
                0x0000000000010ae0                std::__throw_range_error(char const*)
 .text._ZSt21__throw_runtime_errorPKc
                0x0000000000010c0c      0x12c C:\Marmalade\archives\android-ndk-r9d-windows-x86-zip\sources\cxx-stl\gnu-libstdc++\4.4.3\libs\mips\libgnustl_static.a(functexcept.o)
                0x0000000000010c0c                std::__throw_runtime_error(char const*)
 .text._ZSt19__throw_logic_errorPKc
                0x0000000000010d38      0x12c C:\Marmalade\archives\android-ndk-r9d-windows-x86-zip\sources\cxx-stl\gnu-libstdc++\4.4.3\libs\mips\libgnustl_static.a(functexcept.o)
                0x0000000000010d38                std::__throw_logic_error(char const*)
 .text._ZSt20__throw_length_errorPKc
                0x0000000000010e64      0x12c C:\Marmalade\archives\android-ndk-r9d-windows-x86-zip\sources\cxx-stl\gnu-libstdc++\4.4.3\libs\mips\libgnustl_static.a(functexcept.o)
                0x0000000000010e64                std::__throw_length_error(char const*)
 .text._ZSt20__throw_out_of_rangePKc
                0x0000000000010f90      0x12c C:\Marmalade\archives\android-ndk-r9d-windows-x86-zip\sources\cxx-stl\gnu-libstdc++\4.4.3\libs\mips\libgnustl_static.a(functexcept.o)
                0x0000000000010f90                std::__throw_out_of_range(char const*)
 .text._ZSt20__throw_domain_errorPKc
                0x00000000000110bc      0x12c C:\Marmalade\archives\android-ndk-r9d-windows-x86-zip\sources\cxx-stl\gnu-libstdc++\4.4.3\libs\mips\libgnustl_static.a(functexcept.o)
                0x00000000000110bc                std::__throw_domain_error(char const*)
 .text._ZSt24__throw_invalid_argumentPKc
                0x00000000000111e8      0x12c C:\Marmalade\archives\android-ndk-r9d-windows-x86-zip\sources\cxx-stl\gnu-libstdc++\4.4.3\libs\mips\libgnustl_static.a(functexcept.o)
                0x00000000000111e8                std::__throw_invalid_argument(char const*)
 .text._ZSt20__throw_system_errori
                0x0000000000011314      0x140 C:\Marmalade\archives\android-ndk-r9d-windows-x86-zip\sources\cxx-stl\gnu-libstdc++\4.4.3\libs\mips\libgnustl_static.a(functexcept.o)
                0x0000000000011314                std::__throw_system_error(int)
 *fill*         0x0000000000011454        0xc 00000000
 .text          0x0000000000011460        0x0 C:\Marmalade\archives\android-ndk-r9d-windows-x86-zip\sources\cxx-stl\gnu-libstdc++\4.4.3\libs\mips\libgnustl_static.a(ios_failure.o)
 .text._ZNKSt8ios_base7failure4whatEv
                0x0000000000011460        0x8 C:\Marmalade\archives\android-ndk-r9d-windows-x86-zip\sources\cxx-stl\gnu-libstdc++\4.4.3\libs\mips\libgnustl_static.a(ios_failure.o)
                0x0000000000011460                std::ios_base::failure::what() const
 .text._ZNSt8ios_base7failureD1Ev
                0x0000000000011468       0x94 C:\Marmalade\archives\android-ndk-r9d-windows-x86-zip\sources\cxx-stl\gnu-libstdc++\4.4.3\libs\mips\libgnustl_static.a(ios_failure.o)
                0x0000000000011468                std::ios_base::failure::~failure()
 .text._ZNSt8ios_base7failureD0Ev
                0x00000000000114fc       0x44 C:\Marmalade\archives\android-ndk-r9d-windows-x86-zip\sources\cxx-stl\gnu-libstdc++\4.4.3\libs\mips\libgnustl_static.a(ios_failure.o)
                0x00000000000114fc                std::ios_base::failure::~failure()
 .text._ZNSt8ios_base7failureC1ERKSs
                0x0000000000011540       0x90 C:\Marmalade\archives\android-ndk-r9d-windows-x86-zip\sources\cxx-stl\gnu-libstdc++\4.4.3\libs\mips\libgnustl_static.a(ios_failure.o)
                0x0000000000011540                std::ios_base::failure::failure(std::string const&)
 .text._ZNSt8ios_base7failureC2ERKSs
                0x00000000000115d0       0x90 C:\Marmalade\archives\android-ndk-r9d-windows-x86-zip\sources\cxx-stl\gnu-libstdc++\4.4.3\libs\mips\libgnustl_static.a(ios_failure.o)
                0x00000000000115d0                std::ios_base::failure::failure(std::string const&)
 .text._ZNSt8ios_base7failureD2Ev